Archive member included to satisfy reference by file (symbol)

i:/mcu/gnu_tools_arm/bin/../lib/gcc/arm-none-eabi/5.4.1/../../../../arm-none-eabi/lib/armv7e-m/fpu/fpv5-d16\libc.a(lib_a-aeabi_atexit.o)
                              build/app.o (__aeabi_atexit)
i:/mcu/gnu_tools_arm/bin/../lib/gcc/arm-none-eabi/5.4.1/../../../../arm-none-eabi/lib/armv7e-m/fpu/fpv5-d16\libc.a(lib_a-cxa_atexit.o)
                              i:/mcu/gnu_tools_arm/bin/../lib/gcc/arm-none-eabi/5.4.1/../../../../arm-none-eabi/lib/armv7e-m/fpu/fpv5-d16\libc.a(lib_a-aeabi_atexit.o) (__cxa_atexit)
i:/mcu/gnu_tools_arm/bin/../lib/gcc/arm-none-eabi/5.4.1/../../../../arm-none-eabi/lib/armv7e-m/fpu/fpv5-d16\libc.a(lib_a-exit.o)
                              i:/mcu/gnu_tools_arm/bin/../lib/gcc/arm-none-eabi/5.4.1/../../../../arm-none-eabi/lib/armv7e-m/fpu/fpv5-d16/crt0.o (exit)
i:/mcu/gnu_tools_arm/bin/../lib/gcc/arm-none-eabi/5.4.1/../../../../arm-none-eabi/lib/armv7e-m/fpu/fpv5-d16\libc.a(lib_a-impure.o)
                              i:/mcu/gnu_tools_arm/bin/../lib/gcc/arm-none-eabi/5.4.1/../../../../arm-none-eabi/lib/armv7e-m/fpu/fpv5-d16\libc.a(lib_a-exit.o) (_global_impure_ptr)
i:/mcu/gnu_tools_arm/bin/../lib/gcc/arm-none-eabi/5.4.1/../../../../arm-none-eabi/lib/armv7e-m/fpu/fpv5-d16\libc.a(lib_a-init.o)
                              i:/mcu/gnu_tools_arm/bin/../lib/gcc/arm-none-eabi/5.4.1/../../../../arm-none-eabi/lib/armv7e-m/fpu/fpv5-d16/crt0.o (__libc_init_array)
i:/mcu/gnu_tools_arm/bin/../lib/gcc/arm-none-eabi/5.4.1/../../../../arm-none-eabi/lib/armv7e-m/fpu/fpv5-d16\libc.a(lib_a-memset.o)
                              i:/mcu/gnu_tools_arm/bin/../lib/gcc/arm-none-eabi/5.4.1/../../../../arm-none-eabi/lib/armv7e-m/fpu/fpv5-d16/crt0.o (memset)
i:/mcu/gnu_tools_arm/bin/../lib/gcc/arm-none-eabi/5.4.1/../../../../arm-none-eabi/lib/armv7e-m/fpu/fpv5-d16\libc.a(lib_a-sprintf.o)
                              build/bsp_uart.o (sprintf)
i:/mcu/gnu_tools_arm/bin/../lib/gcc/arm-none-eabi/5.4.1/../../../../arm-none-eabi/lib/armv7e-m/fpu/fpv5-d16\libc.a(lib_a-svfprintf.o)
                              i:/mcu/gnu_tools_arm/bin/../lib/gcc/arm-none-eabi/5.4.1/../../../../arm-none-eabi/lib/armv7e-m/fpu/fpv5-d16\libc.a(lib_a-sprintf.o) (_svfprintf_r)
i:/mcu/gnu_tools_arm/bin/../lib/gcc/arm-none-eabi/5.4.1/../../../../arm-none-eabi/lib/armv7e-m/fpu/fpv5-d16\libc.a(lib_a-__atexit.o)
                              i:/mcu/gnu_tools_arm/bin/../lib/gcc/arm-none-eabi/5.4.1/../../../../arm-none-eabi/lib/armv7e-m/fpu/fpv5-d16\libc.a(lib_a-cxa_atexit.o) (__register_exitproc)
i:/mcu/gnu_tools_arm/bin/../lib/gcc/arm-none-eabi/5.4.1/../../../../arm-none-eabi/lib/armv7e-m/fpu/fpv5-d16\libc.a(lib_a-__call_atexit.o)
                              i:/mcu/gnu_tools_arm/bin/../lib/gcc/arm-none-eabi/5.4.1/../../../../arm-none-eabi/lib/armv7e-m/fpu/fpv5-d16\libc.a(lib_a-exit.o) (__call_exitprocs)
i:/mcu/gnu_tools_arm/bin/../lib/gcc/arm-none-eabi/5.4.1/../../../../arm-none-eabi/lib/armv7e-m/fpu/fpv5-d16\libc.a(lib_a-atexit.o)
                              i:/mcu/gnu_tools_arm/bin/../lib/gcc/arm-none-eabi/5.4.1/../../../../arm-none-eabi/lib/armv7e-m/fpu/fpv5-d16\libc.a(lib_a-__call_atexit.o) (atexit)
i:/mcu/gnu_tools_arm/bin/../lib/gcc/arm-none-eabi/5.4.1/../../../../arm-none-eabi/lib/armv7e-m/fpu/fpv5-d16\libc.a(lib_a-dtoa.o)
                              i:/mcu/gnu_tools_arm/bin/../lib/gcc/arm-none-eabi/5.4.1/../../../../arm-none-eabi/lib/armv7e-m/fpu/fpv5-d16\libc.a(lib_a-svfprintf.o) (_dtoa_r)
i:/mcu/gnu_tools_arm/bin/../lib/gcc/arm-none-eabi/5.4.1/../../../../arm-none-eabi/lib/armv7e-m/fpu/fpv5-d16\libc.a(lib_a-fini.o)
                              i:/mcu/gnu_tools_arm/bin/../lib/gcc/arm-none-eabi/5.4.1/../../../../arm-none-eabi/lib/armv7e-m/fpu/fpv5-d16\libc.a(lib_a-__call_atexit.o) (__libc_fini_array)
i:/mcu/gnu_tools_arm/bin/../lib/gcc/arm-none-eabi/5.4.1/../../../../arm-none-eabi/lib/armv7e-m/fpu/fpv5-d16\libc.a(lib_a-localeconv.o)
                              i:/mcu/gnu_tools_arm/bin/../lib/gcc/arm-none-eabi/5.4.1/../../../../arm-none-eabi/lib/armv7e-m/fpu/fpv5-d16\libc.a(lib_a-svfprintf.o) (_localeconv_r)
i:/mcu/gnu_tools_arm/bin/../lib/gcc/arm-none-eabi/5.4.1/../../../../arm-none-eabi/lib/armv7e-m/fpu/fpv5-d16\libc.a(lib_a-mallocr.o)
                              i:/mcu/gnu_tools_arm/bin/../lib/gcc/arm-none-eabi/5.4.1/../../../../arm-none-eabi/lib/armv7e-m/fpu/fpv5-d16\libc.a(lib_a-svfprintf.o) (_malloc_r)
i:/mcu/gnu_tools_arm/bin/../lib/gcc/arm-none-eabi/5.4.1/../../../../arm-none-eabi/lib/armv7e-m/fpu/fpv5-d16\libc.a(lib_a-memchr.o)
                              i:/mcu/gnu_tools_arm/bin/../lib/gcc/arm-none-eabi/5.4.1/../../../../arm-none-eabi/lib/armv7e-m/fpu/fpv5-d16\libc.a(lib_a-svfprintf.o) (memchr)
i:/mcu/gnu_tools_arm/bin/../lib/gcc/arm-none-eabi/5.4.1/../../../../arm-none-eabi/lib/armv7e-m/fpu/fpv5-d16\libc.a(lib_a-memcpy.o)
[...]
Memory Configuration

Name             Origin             Length             Attributes
DTCMRAM          0x20000000         0x00020000         xrw
RAM_D1           0x24000000         0x00080000         xrw
RAM_D2           0x30000000         0x00048000         xrw
RAM_D3           0x38000000         0x00010000         xrw
ITCMRAM          0x00000000         0x00010000         xrw
FLASH            0x90000000         0x00800000         xr
*default*        0x00000000         0xffffffff

Linker script and memory map

LOAD i:/mcu/gnu_tools_arm/bin/../lib/gcc/arm-none-eabi/5.4.1/armv7e-m/fpu/fpv5-d16/crti.o
LOAD i:/mcu/gnu_tools_arm/bin/../lib/gcc/arm-none-eabi/5.4.1/armv7e-m/fpu/fpv5-d16/crtbegin.o
LOAD i:/mcu/gnu_tools_arm/bin/../lib/gcc/arm-none-eabi/5.4.1/../../../../arm-none-eabi/lib/armv7e-m/fpu/fpv5-d16/crt0.o
LOAD build/stm32h7xx_it.o
LOAD build/stm32h7xx_hal_msp.o
LOAD build/stm32h7xx_hal_cortex.o
LOAD build/stm32h7xx_hal_tim.o
LOAD build/stm32h7xx_hal_tim_ex.o
LOAD build/stm32h7xx_hal_rcc.o
LOAD build/stm32h7xx_hal_rcc_ex.o
LOAD build/stm32h7xx_hal_flash.o
LOAD build/stm32h7xx_hal_flash_ex.o
LOAD build/stm32h7xx_hal_gpio.o
LOAD build/stm32h7xx_hal_hsem.o
LOAD build/stm32h7xx_hal_dma.o
LOAD build/stm32h7xx_hal_dma_ex.o
LOAD build/stm32h7xx_hal_mdma.o
LOAD build/stm32h7xx_hal_pwr.o
LOAD build/stm32h7xx_hal_pwr_ex.o
LOAD build/stm32h7xx_hal.o
LOAD build/stm32h7xx_hal_i2c.o
LOAD build/stm32h7xx_hal_i2c_ex.o
LOAD build/stm32h7xx_hal_exti.o
LOAD build/system_stm32h7xx.o
LOAD build/gpio.o
LOAD build/main.o
LOAD build/dma.o
LOAD build/usart.o
LOAD build/stm32h7xx_hal_uart.o
LOAD build/stm32h7xx_hal_uart_ex.o
LOAD build/bsp_clk.o
LOAD build/bsp_cpu.o
LOAD build/bsp_led.o
LOAD build/bsp_os.o
LOAD build/os_app_hooks.o
LOAD build/cpu_core.o
LOAD build/cpu_c.o
LOAD build/lib_ascii.o
LOAD build/lib_math.o
LOAD build/lib_mem.o
LOAD build/lib_str.o
LOAD build/os_cpu_c.o
LOAD build/os_cfg_app.o
LOAD build/os_core.o
LOAD build/os_dbg.o
LOAD build/os_flag.o
LOAD build/os_mem.o
LOAD build/os_mon.o
LOAD build/os_msg.o
LOAD build/os_mutex.o
LOAD build/os_prio.o
LOAD build/os_q.o
LOAD build/os_sem.o
LOAD build/os_stat.o
LOAD build/os_task.o
LOAD build/os_time.o
LOAD build/os_tick.o
LOAD build/os_tmr.o
LOAD build/os_var.o
LOAD build/app.o
LOAD build/app_task.o
LOAD build/bsp_uart.o
LOAD build/startup_stm32h750xx.o
LOAD build/cpu_a.o
LOAD build/os_cpu_a.o
LOAD i:/mcu/gnu_tools_arm/bin/../lib/gcc/arm-none-eabi/5.4.1/../../../../arm-none-eabi/lib/armv7e-m/fpu/fpv5-d16\libc.a
LOAD i:/mcu/gnu_tools_arm/bin/../lib/gcc/arm-none-eabi/5.4.1/../../../../arm-none-eabi/lib/armv7e-m/fpu/fpv5-d16\libm.a
LOAD i:/mcu/gnu_tools_arm/bin/../lib/gcc/arm-none-eabi/5.4.1/../../../../arm-none-eabi/lib/armv7e-m/fpu/fpv5-d16\libnosys.a
START GROUP
LOAD i:/mcu/gnu_tools_arm/bin/../lib/gcc/arm-none-eabi/5.4.1/armv7e-m/fpu/fpv5-d16\libgcc.a
LOAD i:/mcu/gnu_tools_arm/bin/../lib/gcc/arm-none-eabi/5.4.1/../../../../arm-none-eabi/lib/armv7e-m/fpu/fpv5-d16\libc.a
END GROUP
START GROUP
LOAD i:/mcu/gnu_tools_arm/bin/../lib/gcc/arm-none-eabi/5.4.1/armv7e-m/fpu/fpv5-d16\libgcc.a
LOAD i:/mcu/gnu_tools_arm/bin/../lib/gcc/arm-none-eabi/5.4.1/../../../../arm-none-eabi/lib/armv7e-m/fpu/fpv5-d16\libc.a
LOAD i:/mcu/gnu_tools_arm/bin/../lib/gcc/arm-none-eabi/5.4.1/../../../../arm-none-eabi/lib/armv7e-m/fpu/fpv5-d16\libnosys.a
END GROUP
LOAD i:/mcu/gnu_tools_arm/bin/../lib/gcc/arm-none-eabi/5.4.1/armv7e-m/fpu/fpv5-d16/crtend.o
LOAD i:/mcu/gnu_tools_arm/bin/../lib/gcc/arm-none-eabi/5.4.1/armv7e-m/fpu/fpv5-d16/crtn.o
                0x24080000                _estack = (ORIGIN (RAM_D1) + LENGTH (RAM_D1))
                0x00000400                _Min_Heap_Size = 0x400
                0x00000400                _Min_Stack_Size = 0x400

.isr_vector     0x90000000      0x298
                0x90000000                . = ALIGN (0x4)
 *(.isr_vector)
 .isr_vector    0x90000000      0x298 build/startup_stm32h750xx.o
                0x90000000                g_pfnVectors
                0x90000298                . = ALIGN (0x4)

.text           0x900002c0     0xbeb0
                0x900002c0                . = ALIGN (0x4)
 *(.text)
 .text          0x900002c0       0x5c i:/mcu/gnu_tools_arm/bin/../lib/gcc/arm-none-eabi/5.4.1/armv7e-m/fpu/fpv5-d16/crtbegin.o
 .text          0x9000031c       0x34 build/cpu_a.o
                0x9000031c                CPU_IntDis
                0x90000320                CPU_IntEn
                0x90000324                CPU_SR_Save
                0x9000032c                CPU_SR_Restore
                0x90000332                CPU_WaitForInt
                0x90000336                CPU_WaitForExcept
                0x9000033a                CPU_CntLeadZeros
                0x90000340                CPU_CntTrailZeros
                0x9000034a                CPU_RevBits
 .text          0x90000350      0x108 build/os_cpu_a.o
                0x90000350                OS_CPU_FP_Reg_Push
                0x90000362                OS_CPU_FP_Reg_Pop
                0x9000036e                OSStartHighRdy
                0x900003e8                OSCtxSw
                0x900003f2                OSIntCtxSw
                0x900003fc                OS_CPU_PendSVHandler
 *fill*         0x90000458        0x8 
 .text          0x90000460       0xa0 i:/mcu/gnu_tools_arm/bin/../lib/gcc/arm-none-eabi/5.4.1/../../../../arm-none-eabi/lib/armv7e-m/fpu/fpv5-d16\libc.a(lib_a-memchr.o)
                0x90000460                memchr
 .text          0x90000500      0x134 i:/mcu/gnu_tools_arm/bin/../lib/gcc/arm-none-eabi/5.4.1/../../../../arm-none-eabi/lib/armv7e-m/fpu/fpv5-d16\libc.a(lib_a-memcpy.o)
                0x90000500                memcpy
 *fill*         0x90000634        0xc 
 .text          0x90000640       0xdc i:/mcu/gnu_tools_arm/bin/../lib/gcc/arm-none-eabi/5.4.1/../../../../arm-none-eabi/lib/armv7e-m/fpu/fpv5-d16\libc.a(lib_a-strlen.o)
                0x90000640                strlen
 .text          0x9000071c       0x30 i:/mcu/gnu_tools_arm/bin/../lib/gcc/arm-none-eabi/5.4.1/armv7e-m/fpu/fpv5-d16\libgcc.a(_aeabi_uldivmod.o)
                0x9000071c                __aeabi_uldivmod
 .text          0x9000074c      0x2e4 i:/mcu/gnu_tools_arm/bin/../lib/gcc/arm-none-eabi/5.4.1/armv7e-m/fpu/fpv5-d16\libgcc.a(_udivmoddi4.o)
                0x9000074c                __udivmoddi4
 .text          0x90000a30      0x9dc i:/mcu/gnu_tools_arm/bin/../lib/gcc/arm-none-eabi/5.4.1/armv7e-m/fpu/fpv5-d16\libgcc.a(unwind-arm.o)
                0x90000cec                _Unwind_GetCFA
                0x90000cf0                __gnu_Unwind_RaiseException
                0x90000d50                __gnu_Unwind_ForcedUnwind
                0x90000d64                __gnu_Unwind_Resume
                0x90000da8                __gnu_Unwind_Resume_or_Rethrow
                0x90000db8                _Unwind_Complete
                0x90000dbc                _Unwind_DeleteException
                0x90000dc8                _Unwind_VRS_Get
                0x90000e14                _Unwind_VRS_Set
                0x90000e64                __gnu_Unwind_Backtrace
                0x900011b0                __aeabi_unwind_cpp_pr0
                0x900011b4                __aeabi_unwind_cpp_pr1
                0x900011b8                __aeabi_unwind_cpp_pr2
                0x900011bc                _Unwind_VRS_Pop
 .text          0x9000140c      0x1ac i:/mcu/gnu_tools_arm/bin/../lib/gcc/arm-none-eabi/5.4.1/armv7e-m/fpu/fpv5-d16\libgcc.a(libunwind.o)
                0x9000140c                __restore_core_regs
                0x9000140c                restore_core_regs
                0x90001424                __gnu_Unwind_Restore_VFP
                0x9000142c                __gnu_Unwind_Save_VFP
                0x90001434                __gnu_Unwind_Restore_VFP_D
                0x9000143c                __gnu_Unwind_Save_VFP_D
                0x90001444                __gnu_Unwind_Restore_VFP_D_16_to_31
                0x9000144c                __gnu_Unwind_Save_VFP_D_16_to_31
                0x90001454                __gnu_Unwind_Restore_WMMXD
                0x90001498                __gnu_Unwind_Save_WMMXD
                0x900014dc                __gnu_Unwind_Restore_WMMXC
                0x900014f0                __gnu_Unwind_Save_WMMXC
                0x90001504                ___Unwind_RaiseException
                0x90001504                _Unwind_RaiseException
                0x90001528                _Unwind_Resume
                0x90001528                ___Unwind_Resume
                0x9000154c                _Unwind_Resume_or_Rethrow
                0x9000154c                ___Unwind_Resume_or_Rethrow
                0x90001570                _Unwind_ForcedUnwind
                0x90001570                ___Unwind_ForcedUnwind
                0x90001594                ___Unwind_Backtrace
                0x90001594                _Unwind_Backtrace
 .text          0x900015b8      0x354 i:/mcu/gnu_tools_arm/bin/../lib/gcc/arm-none-eabi/5.4.1/armv7e-m/fpu/fpv5-d16\libgcc.a(pr-support.o)
                0x90001610                __gnu_unwind_execute
                0x900018b4                __gnu_unwind_frame
                0x900018dc                _Unwind_GetRegionStart
                0x900018e8                _Unwind_GetLanguageSpecificData
                0x900018fc                _Unwind_GetTextRelBase
                0x90001904                _Unwind_GetDataRelBase
 .text          0x9000190c        0x4 i:/mcu/gnu_tools_arm/bin/../lib/gcc/arm-none-eabi/5.4.1/armv7e-m/fpu/fpv5-d16\libgcc.a(_dvmd_tls.o)
                0x9000190c                __aeabi_idiv0
                0x9000190c                __aeabi_ldiv0
 *(.text*)
 .text.NMI_Handler
                0x90001910        0x4 build/stm32h7xx_it.o
                0x90001910                NMI_Handler
 .text.HardFault_Handler
                0x90001914        0x4 build/stm32h7xx_it.o
                0x90001914                HardFault_Handler
 .text.MemManage_Handler
                0x90001918        0x4 build/stm32h7xx_it.o
                0x90001918                MemManage_Handler
 .text.BusFault_Handler
                0x9000191c        0x4 build/stm32h7xx_it.o
                0x9000191c                BusFault_Handler
 .text.UsageFault_Handler
                0x90001920        0x4 build/stm32h7xx_it.o
                0x90001920                UsageFault_Handler
 .text.SVC_Handler
                0x90001924        0x4 build/stm32h7xx_it.o
                0x90001924                SVC_Handler
 .text.DebugMon_Handler
                0x90001928        0x4 build/stm32h7xx_it.o
                0x90001928                DebugMon_Handler
 .text.DMA1_Stream0_IRQHandler
                0x9000192c       0x10 build/stm32h7xx_it.o
                0x9000192c                DMA1_Stream0_IRQHandler
 .text.DMA1_Stream1_IRQHandler
                0x9000193c       0x10 build/stm32h7xx_it.o
                0x9000193c                DMA1_Stream1_IRQHandler
 .text.UART4_IRQHandler
                0x9000194c       0xb4 build/stm32h7xx_it.o
                0x9000194c                UART4_IRQHandler
 .text.HAL_MspInit
                0x90001a00       0x24 build/stm32h7xx_hal_msp.o
                0x90001a00                HAL_MspInit
 .text.HAL_NVIC_SetPriorityGrouping
                0x90001a24       0x24 build/stm32h7xx_hal_cortex.o
                0x90001a24                HAL_NVIC_SetPriorityGrouping
 .text.HAL_NVIC_SetPriority
                0x90001a48       0x60 build/stm32h7xx_hal_cortex.o
                0x90001a48                HAL_NVIC_SetPriority
 .text.HAL_NVIC_EnableIRQ
                0x90001aa8       0x1c build/stm32h7xx_hal_cortex.o
                0x90001aa8                HAL_NVIC_EnableIRQ
 .text.HAL_SYSTICK_Config
                0x90001ac4       0x2c build/stm32h7xx_hal_cortex.o
                0x90001ac4                HAL_SYSTICK_Config
 .text.HAL_RCC_OscConfig
                0x90001af0      0x684 build/stm32h7xx_hal_rcc.o
                0x90001af0                HAL_RCC_OscConfig
 .text.HAL_RCC_GetSysClockFreq
                0x90002174      0x1f8 build/stm32h7xx_hal_rcc.o
                0x90002174                HAL_RCC_GetSysClockFreq
 .text.HAL_RCC_ClockConfig
                0x9000236c      0x29c build/stm32h7xx_hal_rcc.o
                0x9000236c                HAL_RCC_ClockConfig
 .text.HAL_RCC_GetHCLKFreq
                0x90002608       0x44 build/stm32h7xx_hal_rcc.o
                0x90002608                HAL_RCC_GetHCLKFreq
 .text.HAL_RCC_GetPCLK1Freq
                0x9000264c       0x24 build/stm32h7xx_hal_rcc.o
                0x9000264c                HAL_RCC_GetPCLK1Freq
 .text.HAL_RCC_GetPCLK2Freq
                0x90002670       0x24 build/stm32h7xx_hal_rcc.o
                0x90002670                HAL_RCC_GetPCLK2Freq
 .text.RCCEx_PLL2_Config
                0x90002694      0x114 build/stm32h7xx_hal_rcc_ex.o
 .text.RCCEx_PLL3_Config
                0x900027a8      0x114 build/stm32h7xx_hal_rcc_ex.o
 .text.HAL_RCCEx_PeriphCLKConfig
                0x900028bc      0x92c build/stm32h7xx_hal_rcc_ex.o
                0x900028bc                HAL_RCCEx_PeriphCLKConfig
 .text.HAL_RCCEx_GetD3PCLK1Freq
                0x900031e8       0x24 build/stm32h7xx_hal_rcc_ex.o
                0x900031e8                HAL_RCCEx_GetD3PCLK1Freq
 .text.HAL_RCCEx_GetPLL2ClockFreq
                0x9000320c      0x1f8 build/stm32h7xx_hal_rcc_ex.o
                0x9000320c                HAL_RCCEx_GetPLL2ClockFreq
 .text.HAL_RCCEx_GetPLL3ClockFreq
                0x90003404      0x1f8 build/stm32h7xx_hal_rcc_ex.o
                0x90003404                HAL_RCCEx_GetPLL3ClockFreq
 .text.HAL_GPIO_Init
                0x900035fc      0x1f4 build/stm32h7xx_hal_gpio.o
                0x900035fc                HAL_GPIO_Init
 .text.HAL_GPIO_WritePin
                0x900037f0        0xc build/stm32h7xx_hal_gpio.o
                0x900037f0                HAL_GPIO_WritePin
 .text.HAL_GPIO_TogglePin
                0x900037fc       0x14 build/stm32h7xx_hal_gpio.o
                0x900037fc                HAL_GPIO_TogglePin
 .text.DMA_SetConfig
                0x90003810      0x268 build/stm32h7xx_hal_dma.o
 .text.DMA_CalcBaseAndBitshift
                0x90003a78       0xf8 build/stm32h7xx_hal_dma.o
 .text.DMA_CheckFifoParam
                0x90003b70       0x94 build/stm32h7xx_hal_dma.o
 .text.DMA_CalcDMAMUXChannelBaseAndMask
                0x90003c04       0xcc build/stm32h7xx_hal_dma.o
 .text.DMA_CalcDMAMUXRequestGenBaseAndMask
                0x90003cd0       0x9c build/stm32h7xx_hal_dma.o
 .text.HAL_DMA_Init
                0x90003d6c      0x460 build/stm32h7xx_hal_dma.o
                0x90003d6c                HAL_DMA_Init
 .text.HAL_DMA_Start_IT
                0x900041cc      0x344 build/stm32h7xx_hal_dma.o
                0x900041cc                HAL_DMA_Start_IT
 .text.HAL_DMA_Abort_IT
                0x90004510      0x30c build/stm32h7xx_hal_dma.o
                0x90004510                HAL_DMA_Abort_IT
 .text.HAL_DMA_IRQHandler
                0x9000481c      0x7f4 build/stm32h7xx_hal_dma.o
                0x9000481c                HAL_DMA_IRQHandler
 .text.HAL_PWREx_ConfigSupply
                0x90005010       0x58 build/stm32h7xx_hal_pwr_ex.o
                0x90005010                HAL_PWREx_ConfigSupply
 .text.HAL_InitTick
                0x90005068       0x50 build/stm32h7xx_hal.o
                0x90005068                HAL_InitTick
 .text.HAL_Init
                0x900050b8       0x5c build/stm32h7xx_hal.o
                0x900050b8                HAL_Init
 .text.HAL_GetTick
                0x90005114        0xc build/stm32h7xx_hal.o
                0x90005114                HAL_GetTick
 .text.HAL_GetREVID
                0x90005120        0xc build/stm32h7xx_hal.o
                0x90005120                HAL_GetREVID
 .text.SystemInit
                0x9000512c       0xd4 build/system_stm32h7xx.o
                0x9000512c                SystemInit
 .text.MX_GPIO_Init
                0x90005200       0x88 build/gpio.o
                0x90005200                MX_GPIO_Init
 .text.MX_DMA_Init
                0x90005288       0x48 build/dma.o
                0x90005288                MX_DMA_Init
 .text.MX_UART4_Init
                0x900052d0       0x64 build/usart.o
                0x900052d0                MX_UART4_Init
 .text.HAL_UART_MspInit
                0x90005334      0x1bc build/usart.o
                0x90005334                HAL_UART_MspInit
 .text.UART_EndTxTransfer
                0x900054f0       0x1c build/stm32h7xx_hal_uart.o
 .text.UART_EndRxTransfer
                0x9000550c       0x24 build/stm32h7xx_hal_uart.o
 .text.HAL_UART_Receive_DMA
                0x90005530       0xb4 build/stm32h7xx_hal_uart.o
                0x90005530                HAL_UART_Receive_DMA
 .text.HAL_UART_TxCpltCallback
                0x900055e4        0x4 build/stm32h7xx_hal_uart.o
                0x900055e4                HAL_UART_TxCpltCallback
 .text.UART_EndTransmit_IT
                0x900055e8       0x1c build/stm32h7xx_hal_uart.o
 .text.HAL_UART_RxCpltCallback
                0x90005604        0x4 build/stm32h7xx_hal_uart.o
                0x90005604                HAL_UART_RxCpltCallback
 .text.UART_DMAReceiveCplt
                0x90005608       0x40 build/stm32h7xx_hal_uart.o
 .text.HAL_UART_RxHalfCpltCallback
                0x90005648        0x4 build/stm32h7xx_hal_uart.o
                0x90005648                HAL_UART_RxHalfCpltCallback
 .text.UART_DMARxHalfCplt
                0x9000564c        0xc build/stm32h7xx_hal_uart.o
 .text.HAL_UART_ErrorCallback
                0x90005658        0x4 build/stm32h7xx_hal_uart.o
                0x90005658                HAL_UART_ErrorCallback
 .text.UART_DMAError
                0x9000565c       0x54 build/stm32h7xx_hal_uart.o
 .text.HAL_UART_IRQHandler
                0x900056b0      0x1e0 build/stm32h7xx_hal_uart.o
                0x900056b0                HAL_UART_IRQHandler
 .text.UART_DMAAbortOnError
                0x90005890       0x14 build/stm32h7xx_hal_uart.o
 .text.UART_SetConfig
                0x900058a4      0x5f4 build/stm32h7xx_hal_uart.o
                0x900058a4                UART_SetConfig
 .text.UART_AdvFeatureConfig
                0x90005e98       0xc8 build/stm32h7xx_hal_uart.o
                0x90005e98                UART_AdvFeatureConfig
 .text.UART_WaitOnFlagUntilTimeout
                0x90005f60       0xac build/stm32h7xx_hal_uart.o
                0x90005f60                UART_WaitOnFlagUntilTimeout
 .text.HAL_UART_Transmit
                0x9000600c       0xe0 build/stm32h7xx_hal_uart.o
                0x9000600c                HAL_UART_Transmit
 .text.UART_CheckIdleState
                0x900060ec       0x70 build/stm32h7xx_hal_uart.o
                0x900060ec                UART_CheckIdleState
 .text.HAL_UART_Init
                0x9000615c       0x64 build/stm32h7xx_hal_uart.o
                0x9000615c                HAL_UART_Init
 .text.UARTEx_SetNbDataToProcess
                0x900061c0       0x70 build/stm32h7xx_hal_uart_ex.o
 .text.HAL_UARTEx_WakeupCallback
                0x90006230        0x4 build/stm32h7xx_hal_uart_ex.o
                0x90006230                HAL_UARTEx_WakeupCallback
 .text.HAL_UARTEx_RxFifoFullCallback
                0x90006234        0x4 build/stm32h7xx_hal_uart_ex.o
                0x90006234                HAL_UARTEx_RxFifoFullCallback
 .text.HAL_UARTEx_TxFifoEmptyCallback
                0x90006238        0x4 build/stm32h7xx_hal_uart_ex.o
                0x90006238                HAL_UARTEx_TxFifoEmptyCallback
 .text.HAL_UARTEx_EnableFifoMode
                0x9000623c       0x48 build/stm32h7xx_hal_uart_ex.o
                0x9000623c                HAL_UARTEx_EnableFifoMode
 .text.HAL_UARTEx_SetTxFifoThreshold
                0x90006284       0x4c build/stm32h7xx_hal_uart_ex.o
                0x90006284                HAL_UARTEx_SetTxFifoThreshold
 .text.HAL_UARTEx_SetRxFifoThreshold
                0x900062d0       0x4c build/stm32h7xx_hal_uart_ex.o
                0x900062d0                HAL_UARTEx_SetRxFifoThreshold
 .text.OSIdleTaskHook
                0x9000631c       0x10 build/os_cpu_c.o
                0x9000631c                OSIdleTaskHook
 .text.OSInitHook
                0x9000632c       0x38 build/os_cpu_c.o
                0x9000632c                OSInitHook
 .text.OSStatTaskHook
                0x90006364       0x10 build/os_cpu_c.o
                0x90006364                OSStatTaskHook
 .text.OSTaskCreateHook
                0x90006374       0x10 build/os_cpu_c.o
                0x90006374                OSTaskCreateHook
 .text.OSTaskDelHook
                0x90006384       0x10 build/os_cpu_c.o
                0x90006384                OSTaskDelHook
 .text.OSTaskReturnHook
                0x90006394       0x10 build/os_cpu_c.o
                0x90006394                OSTaskReturnHook
 .text.OSTaskStkInit
                0x900063a4      0x1a0 build/os_cpu_c.o
                0x900063a4                OSTaskStkInit
 .text.OSTaskSwHook
                0x90006544       0x50 build/os_cpu_c.o
                0x90006544                OSTaskSwHook
 .text.OSTimeTickHook
                0x90006594       0x10 build/os_cpu_c.o
                0x90006594                OSTimeTickHook
 .text.OS_CPU_SysTickHandler
                0x900065a4       0x1c build/os_cpu_c.o
                0x900065a4                OS_CPU_SysTickHandler
 .text.OSCfg_Init
                0x900065c0        0x4 build/os_cfg_app.o
                0x900065c0                OSCfg_Init
 .text.OS_IdleTask
                0x900065c4       0x1c build/os_core.o
                0x900065c4                OS_IdleTask
 .text.OSIntEnter
                0x900065e0       0x20 build/os_core.o
                0x900065e0                OSIntEnter
 .text.OSIntExit
                0x90006600       0x9c build/os_core.o
                0x90006600                OSIntExit
 .text.OSSched  0x9000669c       0x84 build/os_core.o
                0x9000669c                OSSched
 .text.OSSchedLock
                0x90006720       0x54 build/os_core.o
                0x90006720                OSSchedLock
 .text.OSSchedUnlock
                0x90006774       0x68 build/os_core.o
                0x90006774                OSSchedUnlock
 .text.OSStart  0x900067dc       0x80 build/os_core.o
                0x900067dc                OSStart
 .text.OS_IdleTaskInit
                0x9000685c       0x4c build/os_core.o
                0x9000685c                OS_IdleTaskInit
 .text.OS_PendListInit
                0x900068a8        0x8 build/os_core.o
                0x900068a8                OS_PendListInit
 .text.OS_PendListInsertPrio
                0x900068b0       0x50 build/os_core.o
                0x900068b0                OS_PendListInsertPrio
 .text.OS_PendListRemove
                0x90006900       0x38 build/os_core.o
                0x90006900                OS_PendListRemove
 .text.OS_PendListChangePrio
                0x90006938       0x20 build/os_core.o
                0x90006938                OS_PendListChangePrio
 .text.OS_RdyListInit
                0x90006958       0x20 build/os_core.o
                0x90006958                OS_RdyListInit
 .text.OSInit   0x90006978      0x128 build/os_core.o
                0x90006978                OSInit
 .text.OS_RdyListInsertHead
                0x90006aa0       0x38 build/os_core.o
                0x90006aa0                OS_RdyListInsertHead
 .text.OS_RdyListInsertTail
                0x90006ad8       0x38 build/os_core.o
                0x90006ad8                OS_RdyListInsertTail
 .text.OS_RdyListInsert
                0x90006b10       0x2c build/os_core.o
                0x90006b10                OS_RdyListInsert
 .text.OS_Post  0x90006b3c       0x78 build/os_core.o
                0x90006b3c                OS_Post
 .text.OS_RdyListMoveHeadToTail
                0x90006bb4       0x34 build/os_core.o
                0x90006bb4                OS_RdyListMoveHeadToTail
 .text.OS_RdyListRemove
                0x90006be8       0x50 build/os_core.o
                0x90006be8                OS_RdyListRemove
 .text.OS_SchedRoundRobin
                0x90006c38       0x88 build/os_core.o
                0x90006c38                OS_SchedRoundRobin
 .text.OS_TaskBlock
                0x90006cc0       0x2c build/os_core.o
                0x90006cc0                OS_TaskBlock
 .text.OS_Pend  0x90006cec       0x38 build/os_core.o
                0x90006cec                OS_Pend
 .text.OS_MemInit
                0x90006d24        0x8 build/os_mem.o
                0x90006d24                OS_MemInit
 .text.OS_MsgPoolInit
                0x90006d2c       0x64 build/os_msg.o
                0x90006d2c                OS_MsgPoolInit
 .text.OS_MsgQFreeAll
                0x90006d90       0x34 build/os_msg.o
                0x90006d90                OS_MsgQFreeAll
 .text.OS_MsgQInit
                0x90006dc4        0xc build/os_msg.o
                0x90006dc4                OS_MsgQInit
 .text.OSMutexCreate
                0x90006dd0       0x48 build/os_mutex.o
                0x90006dd0                OSMutexCreate
 .text.OS_MutexGrpAdd
                0x90006e18        0x8 build/os_mutex.o
                0x90006e18                OS_MutexGrpAdd
 .text.OSMutexPend
                0x90006e20      0x164 build/os_mutex.o
                0x90006e20                OSMutexPend
 .text.OS_MutexGrpRemove
                0x90006f84       0x14 build/os_mutex.o
                0x90006f84                OS_MutexGrpRemove
 .text.OS_MutexGrpPrioFindHighest
                0x90006f98       0x20 build/os_mutex.o
                0x90006f98                OS_MutexGrpPrioFindHighest
 .text.OSMutexPost
                0x90006fb8      0x140 build/os_mutex.o
                0x90006fb8                OSMutexPost
 .text.OS_MutexGrpPostAll
                0x900070f8       0x48 build/os_mutex.o
                0x900070f8                OS_MutexGrpPostAll
 .text.OS_PrioInit
                0x90007140       0x18 build/os_prio.o
                0x90007140                OS_PrioInit
 .text.OS_PrioGetHighest
                0x90007158       0x24 build/os_prio.o
                0x90007158                OS_PrioGetHighest
 .text.OS_PrioInsert
                0x9000717c       0x24 build/os_prio.o
                0x9000717c                OS_PrioInsert
 .text.OS_PrioRemove
                0x900071a0       0x24 build/os_prio.o
                0x900071a0                OS_PrioRemove
 .text.OSStatReset
                0x900071c4       0x1c build/os_stat.o
                0x900071c4                OSStatReset
 .text.OS_StatTask
                0x900071e0      0x128 build/os_stat.o
                0x900071e0                OS_StatTask
 .text.OS_StatTaskInit
                0x90007308       0xa4 build/os_stat.o
                0x90007308                OS_StatTaskInit
 .text.OSTaskSemPend
                0x900073ac       0xe8 build/os_task.o
                0x900073ac                OSTaskSemPend
 .text.OSTaskSemPost
                0x90007494       0xe4 build/os_task.o
                0x90007494                OSTaskSemPost
 .text.OS_TaskInit
                0x90007578       0x18 build/os_task.o
                0x90007578                OS_TaskInit
 .text.OS_TaskInitTCB
                0x90007590       0xa8 build/os_task.o
                0x90007590                OS_TaskInitTCB
 .text.OSTaskCreate
                0x90007638      0x188 build/os_task.o
                0x90007638                OSTaskCreate
 .text.OS_TaskChangePrio
                0x900077c0       0xc4 build/os_task.o
                0x900077c0                OS_TaskChangePrio
 .text.OSTaskDel
                0x90007884      0x150 build/os_task.o
                0x90007884                OSTaskDel
 .text.OS_TaskReturn
                0x900079d4       0x20 build/os_task.o
                0x900079d4                OS_TaskReturn
 .text.OSTimeDly
                0x900079f4       0x9c build/os_time.o
                0x900079f4                OSTimeDly
 .text.OSTimeTick
                0x90007a90       0x6c build/os_time.o
                0x90007a90                OSTimeTick
 .text.OS_TickListUpdateDly
                0x90007afc       0x6c build/os_tick.o
 .text.OS_TickListUpdateTimeout
                0x90007b68       0xcc build/os_tick.o
 .text.OS_TickTask
                0x90007c34       0x48 build/os_tick.o
                0x90007c34                OS_TickTask
 .text.OS_TickTaskInit
                0x90007c7c       0x94 build/os_tick.o
                0x90007c7c                OS_TickTaskInit
 .text.OS_TickListInsert
                0x90007d10       0x64 build/os_tick.o
                0x90007d10                OS_TickListInsert
 .text.OS_TickListInsertDly
                0x90007d74       0x80 build/os_tick.o
                0x90007d74                OS_TickListInsertDly
 .text.OS_TickListRemove
                0x90007df4       0x48 build/os_tick.o
                0x90007df4                OS_TickListRemove
 .text.OS_TmrLock
                0x90007e3c       0x24 build/os_tmr.o
 .text.OS_TmrUnlock
                0x90007e60       0x1c build/os_tmr.o
 .text.OS_TmrInit
                0x90007e7c       0xe4 build/os_tmr.o
                0x90007e7c                OS_TmrInit
 .text.OS_TmrUnlink
                0x90007f60       0x34 build/os_tmr.o
                0x90007f60                OS_TmrUnlink
 .text.OS_TmrTask
                0x90007f94       0x7c build/os_tmr.o
                0x90007f94                OS_TmrTask
 .text._Z41__static_initialization_and_destruction_0ii
                0x90008010       0x30 build/app.o
 .text.Error_Handler
                0x90008040        0x4 build/app.o
                0x90008040                Error_Handler
 .text._ZL21my_SystemClock_Configv
                0x90008044       0xc4 build/app.o
 .text.main     0x90008108       0xa4 build/app.o
                0x90008108                main
 .text._GLOBAL__sub_I_Yuki
                0x900081ac       0x10 build/app.o
 .text._Z7My_TaskPv
                0x900081bc       0x30 build/app_task.o
                0x900081bc                My_Task(void*)
 .text._Z10Start_TaskPv
                0x900081ec       0x5c build/app_task.o
                0x900081ec                Start_Task(void*)
 .text._ZN11User_Uart_T15m_start_receiveEv
                0x90008248       0xa0 build/bsp_uart.o
                0x90008248                User_Uart_T::m_start_receive()
 .text._ZN11User_Uart_TC2Ev
                0x900082e8        0x4 build/bsp_uart.o
                0x900082e8                User_Uart_T::User_Uart_T()
                0x900082e8                User_Uart_T::User_Uart_T()
 .text._ZN11User_Uart_TD2Ev
                0x900082ec        0x4 build/bsp_uart.o
                0x900082ec                User_Uart_T::~User_Uart_T()
                0x900082ec                User_Uart_T::~User_Uart_T()
 .text._ZN11User_Uart_T4initEv
                0x900082f0       0x24 build/bsp_uart.o
                0x900082f0                User_Uart_T::init()
 .text._ZN11User_Uart_T11send_stringEPKc
                0x90008314       0x30 build/bsp_uart.o
                0x90008314                User_Uart_T::send_string(char const*)
 .text._ZN11User_Uart_T12m_send_NcharEPhm
                0x90008344       0xcc build/bsp_uart.o
                0x90008344                User_Uart_T::m_send_Nchar(unsigned char*, unsigned long)
 .text._ZN11User_Uart_T11send_stringEPh
                0x90008410       0xe8 build/bsp_uart.o
                0x90008410                User_Uart_T::send_string(unsigned char*)
 .text._ZN11User_Uart_T6printfEPKcz
                0x900084f8      0x130 build/bsp_uart.o
                0x900084f8                User_Uart_T::printf(char const*, ...)
 .text.Reset_Handler
                0x90008628       0x50 build/startup_stm32h750xx.o
                0x90008628                Reset_Handler
 .text.Default_Handler
                0x90008678        0x2 build/startup_stm32h750xx.o
                0x90008678                RTC_Alarm_IRQHandler
                0x90008678                HASH_RNG_IRQHandler
                0x90008678                EXTI2_IRQHandler
                0x90008678                TIM8_CC_IRQHandler
                0x90008678                HRTIM1_Master_IRQHandler
                0x90008678                UART8_IRQHandler
                0x90008678                SPI4_IRQHandler
                0x90008678                TIM1_CC_IRQHandler
                0x90008678                BDMA_Channel6_IRQHandler
                0x90008678                DMA2_Stream5_IRQHandler
                0x90008678                HRTIM1_FLT_IRQHandler
                0x90008678                JPEG_IRQHandler
                0x90008678                DMA1_Stream5_IRQHandler
                0x90008678                BDMA_Channel1_IRQHandler
                0x90008678                HRTIM1_TIMD_IRQHandler
                0x90008678                TAMP_STAMP_IRQHandler
                0x90008678                EXTI3_IRQHandler
                0x90008678                LPTIM4_IRQHandler
                0x90008678                TIM8_TRG_COM_TIM14_IRQHandler
                0x90008678                LPTIM2_IRQHandler
                0x90008678                DFSDM1_FLT1_IRQHandler
                0x90008678                DMAMUX2_OVR_IRQHandler
                0x90008678                TIM8_UP_TIM13_IRQHandler
                0x90008678                I2C3_ER_IRQHandler
                0x90008678                DFSDM1_FLT2_IRQHandler
                0x90008678                MDMA_IRQHandler
                0x90008678                LPTIM3_IRQHandler
                0x90008678                HSEM1_IRQHandler
                0x90008678                EXTI0_IRQHandler
                0x90008678                I2C2_EV_IRQHandler
                0x90008678                DMA1_Stream2_IRQHandler
                0x90008678                FPU_IRQHandler
                0x90008678                OTG_HS_WKUP_IRQHandler
                0x90008678                FDCAN1_IT1_IRQHandler
                0x90008678                LTDC_ER_IRQHandler
                0x90008678                DMA2_Stream2_IRQHandler
                0x90008678                HRTIM1_TIME_IRQHandler
                0x90008678                SPI1_IRQHandler
                0x90008678                TIM6_DAC_IRQHandler
                0x90008678                DCMI_IRQHandler
                0x90008678                HRTIM1_TIMC_IRQHandler
                0x90008678                DMA2_Stream3_IRQHandler
                0x90008678                SAI2_IRQHandler
                0x90008678                DFSDM1_FLT3_IRQHandler
                0x90008678                USART6_IRQHandler
                0x90008678                TIM17_IRQHandler
                0x90008678                USART3_IRQHandler
                0x90008678                BDMA_Channel7_IRQHandler
                0x90008678                CRYP_IRQHandler
                0x90008678                LPTIM5_IRQHandler
                0x90008678                UART5_IRQHandler
                0x90008678                ADC3_IRQHandler
                0x90008678                DMA2_Stream0_IRQHandler
                0x90008678                TIM4_IRQHandler
                0x90008678                BDMA_Channel2_IRQHandler
                0x90008678                QUADSPI_IRQHandler
                0x90008678                I2C1_EV_IRQHandler
                0x90008678                DMA1_Stream6_IRQHandler
                0x90008678                DMAMUX1_OVR_IRQHandler
                0x90008678                TIM16_IRQHandler
                0x90008678                BDMA_Channel5_IRQHandler
                0x90008678                TIM3_IRQHandler
                0x90008678                RCC_IRQHandler
                0x90008678                TIM8_BRK_TIM12_IRQHandler
                0x90008678                TIM1_TRG_COM_IRQHandler
                0x90008678                Default_Handler
                0x90008678                ECC_IRQHandler
                0x90008678                CEC_IRQHandler
                0x90008678                EXTI15_10_IRQHandler
                0x90008678                BDMA_Channel0_IRQHandler
                0x90008678                ADC_IRQHandler
                0x90008678                DMA1_Stream7_IRQHandler
                0x90008678                HRTIM1_TIMA_IRQHandler
                0x90008678                SPI5_IRQHandler
                0x90008678                TIM7_IRQHandler
                0x90008678                SDMMC1_IRQHandler
                0x90008678                TIM5_IRQHandler
                0x90008678                DMA2_Stream7_IRQHandler
                0x90008678                TIM15_IRQHandler
                0x90008678                PVD_AVD_IRQHandler
                0x90008678                I2C3_EV_IRQHandler
                0x90008678                EXTI9_5_IRQHandler
                0x90008678                RTC_WKUP_IRQHandler
                0x90008678                LTDC_IRQHandler
                0x90008678                SAI3_IRQHandler
                0x90008678                ETH_WKUP_IRQHandler
                0x90008678                SPDIF_RX_IRQHandler
                0x90008678                SPI2_IRQHandler
                0x90008678                OTG_HS_EP1_IN_IRQHandler
                0x90008678                CRS_IRQHandler
                0x90008678                EXTI4_IRQHandler
                0x90008678                HRTIM1_TIMB_IRQHandler
                0x90008678                FDCAN2_IT1_IRQHandler
                0x90008678                ETH_IRQHandler
                0x90008678                TIM1_UP_IRQHandler
                0x90008678                BDMA_Channel4_IRQHandler
                0x90008678                OTG_HS_EP1_OUT_IRQHandler
                0x90008678                WWDG_IRQHandler
                0x90008678                SPI6_IRQHandler
                0x90008678                MDIOS_IRQHandler
                0x90008678                I2C4_EV_IRQHandler
                0x90008678                FDCAN2_IT0_IRQHandler
                0x90008678                LPUART1_IRQHandler
                0x90008678                FDCAN1_IT0_IRQHandler
                0x90008678                TIM2_IRQHandler
                0x90008678                OTG_FS_WKUP_IRQHandler
                0x90008678                OTG_HS_IRQHandler
                0x90008678                DMA2D_IRQHandler
                0x90008678                TIM1_BRK_IRQHandler
                0x90008678                EXTI1_IRQHandler
                0x90008678                SDMMC2_IRQHandler
                0x90008678                OTG_FS_EP1_OUT_IRQHandler
                0x90008678                BDMA_Channel3_IRQHandler
                0x90008678                UART7_IRQHandler
                0x90008678                MDIOS_WKUP_IRQHandler
                0x90008678                USART2_IRQHandler
                0x90008678                DFSDM1_FLT0_IRQHandler
                0x90008678                SAI4_IRQHandler
                0x90008678                I2C2_ER_IRQHandler
                0x90008678                DMA2_Stream1_IRQHandler
                0x90008678                FLASH_IRQHandler
                0x90008678                DMA2_Stream4_IRQHandler
                0x90008678                USART1_IRQHandler
                0x90008678                OTG_FS_IRQHandler
                0x90008678                SPI3_IRQHandler
                0x90008678                WAKEUP_PIN_IRQHandler
                0x90008678                DMA1_Stream4_IRQHandler
                0x90008678                OTG_FS_EP1_IN_IRQHandler
                0x90008678                I2C1_ER_IRQHandler
                0x90008678                FMC_IRQHandler
                0x90008678                FDCAN_CAL_IRQHandler
                0x90008678                SWPMI1_IRQHandler
                0x90008678                COMP1_IRQHandler
                0x90008678                LPTIM1_IRQHandler
                0x90008678                I2C4_ER_IRQHandler
                0x90008678                DMA2_Stream6_IRQHandler
                0x90008678                SAI1_IRQHandler
                0x90008678                DMA1_Stream3_IRQHandler
 *fill*         0x9000867a        0x2 
 .text.__aeabi_atexit
                0x9000867c        0xc i:/mcu/gnu_tools_arm/bin/../lib/gcc/arm-none-eabi/5.4.1/../../../../arm-none-eabi/lib/armv7e-m/fpu/fpv5-d16\libc.a(lib_a-aeabi_atexit.o)
                0x9000867c                __aeabi_atexit
 .text.__cxa_atexit
                0x90008688        0xc i:/mcu/gnu_tools_arm/bin/../lib/gcc/arm-none-eabi/5.4.1/../../../../arm-none-eabi/lib/armv7e-m/fpu/fpv5-d16\libc.a(lib_a-cxa_atexit.o)
                0x90008688                __cxa_atexit
 .text.__libc_init_array
                0x90008694       0x50 i:/mcu/gnu_tools_arm/bin/../lib/gcc/arm-none-eabi/5.4.1/../../../../arm-none-eabi/lib/armv7e-m/fpu/fpv5-d16\libc.a(lib_a-init.o)
                0x90008694                __libc_init_array
 .text.memset   0x900086e4       0x9c i:/mcu/gnu_tools_arm/bin/../lib/gcc/arm-none-eabi/5.4.1/../../../../arm-none-eabi/lib/armv7e-m/fpu/fpv5-d16\libc.a(lib_a-memset.o)
                0x900086e4                memset
 .text.sprintf  0x90008780       0x4c i:/mcu/gnu_tools_arm/bin/../lib/gcc/arm-none-eabi/5.4.1/../../../../arm-none-eabi/lib/armv7e-m/fpu/fpv5-d16\libc.a(lib_a-sprintf.o)
                0x90008780                sprintf
 *fill*         0x900087cc        0x4 
 .text._svfprintf_r
                0x900087d0     0x1570 i:/mcu/gnu_tools_arm/bin/../lib/gcc/arm-none-eabi/5.4.1/../../../../arm-none-eabi/lib/armv7e-m/fpu/fpv5-d16\libc.a(lib_a-svfprintf.o)
                0x900087d0                _svfprintf_r
 .text.__register_exitproc
                0x90009d40       0xa4 i:/mcu/gnu_tools_arm/bin/../lib/gcc/arm-none-eabi/5.4.1/../../../../arm-none-eabi/lib/armv7e-m/fpu/fpv5-d16\libc.a(lib_a-__atexit.o)
                0x90009d40                __register_exitproc
 .text.startup.register_fini
                0x90009de4       0x14 i:/mcu/gnu_tools_arm/bin/../lib/gcc/arm-none-eabi/5.4.1/../../../../arm-none-eabi/lib/armv7e-m/fpu/fpv5-d16\libc.a(lib_a-__call_atexit.o)
 .text.atexit   0x90009df8        0xc i:/mcu/gnu_tools_arm/bin/../lib/gcc/arm-none-eabi/5.4.1/../../../../arm-none-eabi/lib/armv7e-m/fpu/fpv5-d16\libc.a(lib_a-atexit.o)
                0x90009df8                atexit
 .text.quorem   0x90009e04      0x128 i:/mcu/gnu_tools_arm/bin/../lib/gcc/arm-none-eabi/5.4.1/../../../../arm-none-eabi/lib/armv7e-m/fpu/fpv5-d16\libc.a(lib_a-dtoa.o)
 *fill*         0x90009f2c        0x4 
 .text._dtoa_r  0x90009f30      0xc84 i:/mcu/gnu_tools_arm/bin/../lib/gcc/arm-none-eabi/5.4.1/../../../../arm-none-eabi/lib/armv7e-m/fpu/fpv5-d16\libc.a(lib_a-dtoa.o)
                0x90009f30                _dtoa_r
 .text.__libc_fini_array
                0x9000abb4       0x28 i:/mcu/gnu_tools_arm/bin/../lib/gcc/arm-none-eabi/5.4.1/../../../../arm-none-eabi/lib/armv7e-m/fpu/fpv5-d16\libc.a(lib_a-fini.o)
                0x9000abb4                __libc_fini_array
 .text._localeconv_r
                0x9000abdc       0x1c i:/mcu/gnu_tools_arm/bin/../lib/gcc/arm-none-eabi/5.4.1/../../../../arm-none-eabi/lib/armv7e-m/fpu/fpv5-d16\libc.a(lib_a-localeconv.o)
                0x9000abdc                _localeconv_r
 .text._malloc_r
                0x9000abf8      0x570 i:/mcu/gnu_tools_arm/bin/../lib/gcc/arm-none-eabi/5.4.1/../../../../arm-none-eabi/lib/armv7e-m/fpu/fpv5-d16\libc.a(lib_a-mallocr.o)
                0x9000abf8                _malloc_r
 .text.__malloc_lock
                0x9000b168        0x4 i:/mcu/gnu_tools_arm/bin/../lib/gcc/arm-none-eabi/5.4.1/../../../../arm-none-eabi/lib/armv7e-m/fpu/fpv5-d16\libc.a(lib_a-mlock.o)
                0x9000b168                __malloc_lock
 .text.__malloc_unlock
                0x9000b16c        0x4 i:/mcu/gnu_tools_arm/bin/../lib/gcc/arm-none-eabi/5.4.1/../../../../arm-none-eabi/lib/armv7e-m/fpu/fpv5-d16\libc.a(lib_a-mlock.o)
                0x9000b16c                __malloc_unlock
 .text._Balloc  0x9000b170       0x4c i:/mcu/gnu_tools_arm/bin/../lib/gcc/arm-none-eabi/5.4.1/../../../../arm-none-eabi/lib/armv7e-m/fpu/fpv5-d16\libc.a(lib_a-mprec.o)
                0x9000b170                _Balloc
 .text._Bfree   0x9000b1bc       0x14 i:/mcu/gnu_tools_arm/bin/../lib/gcc/arm-none-eabi/5.4.1/../../../../arm-none-eabi/lib/armv7e-m/fpu/fpv5-d16\libc.a(lib_a-mprec.o)
                0x9000b1bc                _Bfree
 .text.__multadd
                0x9000b1d0       0x80 i:/mcu/gnu_tools_arm/bin/../lib/gcc/arm-none-eabi/5.4.1/../../../../arm-none-eabi/lib/armv7e-m/fpu/fpv5-d16\libc.a(lib_a-mprec.o)
                0x9000b1d0                __multadd
 .text.__hi0bits
                0x9000b250       0x40 i:/mcu/gnu_tools_arm/bin/../lib/gcc/arm-none-eabi/5.4.1/../../../../arm-none-eabi/lib/armv7e-m/fpu/fpv5-d16\libc.a(lib_a-mprec.o)
                0x9000b250                __hi0bits
 .text.__lo0bits
                0x9000b290       0x5c i:/mcu/gnu_tools_arm/bin/../lib/gcc/arm-none-eabi/5.4.1/../../../../arm-none-eabi/lib/armv7e-m/fpu/fpv5-d16\libc.a(lib_a-mprec.o)
                0x9000b290                __lo0bits
 .text.__i2b    0x9000b2ec       0x14 i:/mcu/gnu_tools_arm/bin/../lib/gcc/arm-none-eabi/5.4.1/../../../../arm-none-eabi/lib/armv7e-m/fpu/fpv5-d16\libc.a(lib_a-mprec.o)
                0x9000b2ec                __i2b
 .text.__multiply
                0x9000b300      0x130 i:/mcu/gnu_tools_arm/bin/../lib/gcc/arm-none-eabi/5.4.1/../../../../arm-none-eabi/lib/armv7e-m/fpu/fpv5-d16\libc.a(lib_a-mprec.o)
                0x9000b300                __multiply
 .text.__pow5mult
                0x9000b430       0xa0 i:/mcu/gnu_tools_arm/bin/../lib/gcc/arm-none-eabi/5.4.1/../../../../arm-none-eabi/lib/armv7e-m/fpu/fpv5-d16\libc.a(lib_a-mprec.o)
                0x9000b430                __pow5mult
 .text.__lshift
                0x9000b4d0       0xb0 i:/mcu/gnu_tools_arm/bin/../lib/gcc/arm-none-eabi/5.4.1/../../../../arm-none-eabi/lib/armv7e-m/fpu/fpv5-d16\libc.a(lib_a-mprec.o)
                0x9000b4d0                __lshift
 .text.__mcmp   0x9000b580       0x44 i:/mcu/gnu_tools_arm/bin/../lib/gcc/arm-none-eabi/5.4.1/../../../../arm-none-eabi/lib/armv7e-m/fpu/fpv5-d16\libc.a(lib_a-mprec.o)
                0x9000b580                __mcmp
 .text.__mdiff  0x9000b5c4      0x114 i:/mcu/gnu_tools_arm/bin/../lib/gcc/arm-none-eabi/5.4.1/../../../../arm-none-eabi/lib/armv7e-m/fpu/fpv5-d16\libc.a(lib_a-mprec.o)
                0x9000b5c4                __mdiff
 .text.__d2b    0x9000b6d8       0xbc i:/mcu/gnu_tools_arm/bin/../lib/gcc/arm-none-eabi/5.4.1/../../../../arm-none-eabi/lib/armv7e-m/fpu/fpv5-d16\libc.a(lib_a-mprec.o)
                0x9000b6d8                __d2b
 .text._sbrk_r  0x9000b794       0x24 i:/mcu/gnu_tools_arm/bin/../lib/gcc/arm-none-eabi/5.4.1/../../../../arm-none-eabi/lib/armv7e-m/fpu/fpv5-d16\libc.a(lib_a-sbrkr.o)
                0x9000b794                _sbrk_r
 .text.__ssprint_r
                0x9000b7b8      0x100 i:/mcu/gnu_tools_arm/bin/../lib/gcc/arm-none-eabi/5.4.1/../../../../arm-none-eabi/lib/armv7e-m/fpu/fpv5-d16\libc.a(lib_a-svfiprintf.o)
                0x9000b7b8                __ssprint_r
 .text._calloc_r
                0x9000b8b8       0x60 i:/mcu/gnu_tools_arm/bin/../lib/gcc/arm-none-eabi/5.4.1/../../../../arm-none-eabi/lib/armv7e-m/fpu/fpv5-d16\libc.a(lib_a-callocr.o)
                0x9000b8b8                _calloc_r
 .text._malloc_trim_r
                0x9000b918       0x9c i:/mcu/gnu_tools_arm/bin/../lib/gcc/arm-none-eabi/5.4.1/../../../../arm-none-eabi/lib/armv7e-m/fpu/fpv5-d16\libc.a(lib_a-freer.o)
                0x9000b918                _malloc_trim_r
 .text._free_r  0x9000b9b4      0x1d0 i:/mcu/gnu_tools_arm/bin/../lib/gcc/arm-none-eabi/5.4.1/../../../../arm-none-eabi/lib/armv7e-m/fpu/fpv5-d16\libc.a(lib_a-freer.o)
                0x9000b9b4                _free_r
 .text.__ascii_mbtowc
                0x9000bb84       0x2c i:/mcu/gnu_tools_arm/bin/../lib/gcc/arm-none-eabi/5.4.1/../../../../arm-none-eabi/lib/armv7e-m/fpu/fpv5-d16\libc.a(lib_a-mbtowc_r.o)
                0x9000bb84                __ascii_mbtowc
 .text.memmove  0x9000bbb0       0xc8 i:/mcu/gnu_tools_arm/bin/../lib/gcc/arm-none-eabi/5.4.1/../../../../arm-none-eabi/lib/armv7e-m/fpu/fpv5-d16\libc.a(lib_a-memmove.o)
                0x9000bbb0                memmove
 .text._realloc_r
                0x9000bc78      0x3e0 i:/mcu/gnu_tools_arm/bin/../lib/gcc/arm-none-eabi/5.4.1/../../../../arm-none-eabi/lib/armv7e-m/fpu/fpv5-d16\libc.a(lib_a-reallocr.o)
                0x9000bc78                _realloc_r
 .text.__ascii_wctomb
                0x9000c058       0x1c i:/mcu/gnu_tools_arm/bin/../lib/gcc/arm-none-eabi/5.4.1/../../../../arm-none-eabi/lib/armv7e-m/fpu/fpv5-d16\libc.a(lib_a-wctomb_r.o)
                0x9000c058                __ascii_wctomb
 .text._sbrk    0x9000c074       0x1c i:/mcu/gnu_tools_arm/bin/../lib/gcc/arm-none-eabi/5.4.1/../../../../arm-none-eabi/lib/armv7e-m/fpu/fpv5-d16\libnosys.a(sbrk.o)
                0x9000c074                _sbrk
 .text._exit    0x9000c090        0x4 i:/mcu/gnu_tools_arm/bin/../lib/gcc/arm-none-eabi/5.4.1/../../../../arm-none-eabi/lib/armv7e-m/fpu/fpv5-d16\libnosys.a(_exit.o)
                0x9000c090                _exit
 .text.abort    0x9000c094       0x10 i:/mcu/gnu_tools_arm/bin/../lib/gcc/arm-none-eabi/5.4.1/../../../../arm-none-eabi/lib/armv7e-m/fpu/fpv5-d16\libc.a(lib_a-abort.o)
                0x9000c094                abort
 .text._raise_r
                0x9000c0a4       0x58 i:/mcu/gnu_tools_arm/bin/../lib/gcc/arm-none-eabi/5.4.1/../../../../arm-none-eabi/lib/armv7e-m/fpu/fpv5-d16\libc.a(lib_a-signal.o)
                0x9000c0a4                _raise_r
 .text.raise    0x9000c0fc       0x10 i:/mcu/gnu_tools_arm/bin/../lib/gcc/arm-none-eabi/5.4.1/../../../../arm-none-eabi/lib/armv7e-m/fpu/fpv5-d16\libc.a(lib_a-signal.o)
                0x9000c0fc                raise
 .text._kill_r  0x9000c10c       0x28 i:/mcu/gnu_tools_arm/bin/../lib/gcc/arm-none-eabi/5.4.1/../../../../arm-none-eabi/lib/armv7e-m/fpu/fpv5-d16\libc.a(lib_a-signalr.o)
                0x9000c10c                _kill_r
 .text._getpid_r
                0x9000c134        0x4 i:/mcu/gnu_tools_arm/bin/../lib/gcc/arm-none-eabi/5.4.1/../../../../arm-none-eabi/lib/armv7e-m/fpu/fpv5-d16\libc.a(lib_a-signalr.o)
                0x9000c134                _getpid_r
 .text._getpid  0x9000c138       0x10 i:/mcu/gnu_tools_arm/bin/../lib/gcc/arm-none-eabi/5.4.1/../../../../arm-none-eabi/lib/armv7e-m/fpu/fpv5-d16\libnosys.a(getpid.o)
                0x9000c138                _getpid
 .text._kill    0x9000c148       0x10 i:/mcu/gnu_tools_arm/bin/../lib/gcc/arm-none-eabi/5.4.1/../../../../arm-none-eabi/lib/armv7e-m/fpu/fpv5-d16\libnosys.a(kill.o)
                0x9000c148                _kill
 *(.glue_7)
 .glue_7        0x9000c158        0x0 linker stubs
 *(.glue_7t)
 .glue_7t       0x9000c158        0x0 linker stubs
 *(.eh_frame)
 .eh_frame      0x9000c158        0x0 i:/mcu/gnu_tools_arm/bin/../lib/gcc/arm-none-eabi/5.4.1/armv7e-m/fpu/fpv5-d16/crtbegin.o
 *(.init)
 .init          0x9000c158        0x4 i:/mcu/gnu_tools_arm/bin/../lib/gcc/arm-none-eabi/5.4.1/armv7e-m/fpu/fpv5-d16/crti.o
                0x9000c158                _init
 .init          0x9000c15c        0x8 i:/mcu/gnu_tools_arm/bin/../lib/gcc/arm-none-eabi/5.4.1/armv7e-m/fpu/fpv5-d16/crtn.o
 *(.fini)
 .fini          0x9000c164        0x4 i:/mcu/gnu_tools_arm/bin/../lib/gcc/arm-none-eabi/5.4.1/armv7e-m/fpu/fpv5-d16/crti.o
                0x9000c164                _fini
 .fini          0x9000c168        0x8 i:/mcu/gnu_tools_arm/bin/../lib/gcc/arm-none-eabi/5.4.1/armv7e-m/fpu/fpv5-d16/crtn.o
                0x9000c170                . = ALIGN (0x4)
                0x9000c170                _etext = .

.vfp11_veneer   0x9000c170        0x0
 .vfp11_veneer  0x9000c170        0x0 linker stubs

.v4_bx          0x9000c170        0x0
 .v4_bx         0x9000c170        0x0 linker stubs

.iplt           0x9000c170        0x0
 .iplt          0x9000c170        0x0 i:/mcu/gnu_tools_arm/bin/../lib/gcc/arm-none-eabi/5.4.1/armv7e-m/fpu/fpv5-d16/crtbegin.o

.rodata         0x9000c170      0x3a8
                0x9000c170                . = ALIGN (0x4)
 *(.rodata)
 .rodata        0x9000c170       0x10 build/stm32h7xx_hal_uart_ex.o
 *(.rodata*)
 .rodata.flagBitshiftOffset.9018
                0x9000c180        0x8 build/stm32h7xx_hal_dma.o
 .rodata.D1CorePrescTable
                0x9000c188       0x10 build/system_stm32h7xx.o
                0x9000c188                D1CorePrescTable
 .rodata.UARTPrescTable
                0x9000c198       0x18 build/stm32h7xx_hal_uart.o
                0x9000c198                UARTPrescTable
 .rodata.OSCfg_IdleTaskStkLimit
                0x9000c1b0        0x4 build/os_cfg_app.o
                0x9000c1b0                OSCfg_IdleTaskStkLimit
 .rodata.OSCfg_TickTaskStkBasePtr
                0x9000c1b4        0x4 build/os_cfg_app.o
                0x9000c1b4                OSCfg_TickTaskStkBasePtr
 .rodata.OSCfg_TmrTaskStkBasePtr
                0x9000c1b8        0x4 build/os_cfg_app.o
                0x9000c1b8                OSCfg_TmrTaskStkBasePtr
 .rodata.OSCfg_TickTaskStkLimit
                0x9000c1bc        0x4 build/os_cfg_app.o
                0x9000c1bc                OSCfg_TickTaskStkLimit
 .rodata.OSCfg_ISRStkSize
                0x9000c1c0        0x4 build/os_cfg_app.o
                0x9000c1c0                OSCfg_ISRStkSize
 .rodata.OSCfg_TmrTaskRate_Hz
                0x9000c1c4        0x4 build/os_cfg_app.o
                0x9000c1c4                OSCfg_TmrTaskRate_Hz
 .rodata.OSCfg_TmrTaskStkLimit
                0x9000c1c8        0x4 build/os_cfg_app.o
                0x9000c1c8                OSCfg_TmrTaskStkLimit
 .rodata.OSCfg_ISRStkBasePtr
                0x9000c1cc        0x4 build/os_cfg_app.o
                0x9000c1cc                OSCfg_ISRStkBasePtr
 .rodata.OSCfg_TmrTaskStkSize
                0x9000c1d0        0x4 build/os_cfg_app.o
                0x9000c1d0                OSCfg_TmrTaskStkSize
 .rodata.OSCfg_TickRate_Hz
                0x9000c1d4        0x4 build/os_cfg_app.o
                0x9000c1d4                OSCfg_TickRate_Hz
 .rodata.OSCfg_IdleTaskStkSize
                0x9000c1d8        0x4 build/os_cfg_app.o
                0x9000c1d8                OSCfg_IdleTaskStkSize
 .rodata.OSCfg_MsgPoolSize
                0x9000c1dc        0x2 build/os_cfg_app.o
                0x9000c1dc                OSCfg_MsgPoolSize
 *fill*         0x9000c1de        0x2 
 .rodata.OSCfg_MsgPoolBasePtr
                0x9000c1e0        0x4 build/os_cfg_app.o
                0x9000c1e0                OSCfg_MsgPoolBasePtr
 .rodata.OSCfg_IdleTaskStkBasePtr
                0x9000c1e4        0x4 build/os_cfg_app.o
                0x9000c1e4                OSCfg_IdleTaskStkBasePtr
 .rodata.OSCfg_StatTaskPrio
                0x9000c1e8        0x1 build/os_cfg_app.o
                0x9000c1e8                OSCfg_StatTaskPrio
 *fill*         0x9000c1e9        0x3 
 .rodata.OSCfg_TickTaskStkSize
                0x9000c1ec        0x4 build/os_cfg_app.o
                0x9000c1ec                OSCfg_TickTaskStkSize
 .rodata.OSCfg_StatTaskStkBasePtr
                0x9000c1f0        0x4 build/os_cfg_app.o
                0x9000c1f0                OSCfg_StatTaskStkBasePtr
 .rodata.OSCfg_StatTaskRate_Hz
                0x9000c1f4        0x4 build/os_cfg_app.o
                0x9000c1f4                OSCfg_StatTaskRate_Hz
 .rodata.OSCfg_TmrTaskPrio
                0x9000c1f8        0x1 build/os_cfg_app.o
                0x9000c1f8                OSCfg_TmrTaskPrio
 *fill*         0x9000c1f9        0x3 
 .rodata.OSCfg_StkSizeMin
                0x9000c1fc        0x4 build/os_cfg_app.o
                0x9000c1fc                OSCfg_StkSizeMin
 .rodata.OSCfg_StatTaskStkLimit
                0x9000c200        0x4 build/os_cfg_app.o
                0x9000c200                OSCfg_StatTaskStkLimit
 .rodata.OSCfg_TickTaskPrio
                0x9000c204        0x1 build/os_cfg_app.o
                0x9000c204                OSCfg_TickTaskPrio
 *fill*         0x9000c205        0x3 
 .rodata.OSCfg_StatTaskStkSize
                0x9000c208        0x4 build/os_cfg_app.o
                0x9000c208                OSCfg_StatTaskStkSize
 .rodata.str1.4
                0x9000c20c        0x8 build/app.o
 .rodata.str1.4
                0x9000c214       0x20 build/app_task.o
 .rodata.str1.4
                0x9000c234       0x55 build/bsp_uart.o
 *fill*         0x9000c289        0x3 
 .rodata._global_impure_ptr
                0x9000c28c        0x4 i:/mcu/gnu_tools_arm/bin/../lib/gcc/arm-none-eabi/5.4.1/../../../../arm-none-eabi/lib/armv7e-m/fpu/fpv5-d16\libc.a(lib_a-impure.o)
                0x9000c28c                _global_impure_ptr
 .rodata.zeroes.7258
                0x9000c290       0x10 i:/mcu/gnu_tools_arm/bin/../lib/gcc/arm-none-eabi/5.4.1/../../../../arm-none-eabi/lib/armv7e-m/fpu/fpv5-d16\libc.a(lib_a-svfprintf.o)
 .rodata.str1.4
                0x9000c2a0       0x42 i:/mcu/gnu_tools_arm/bin/../lib/gcc/arm-none-eabi/5.4.1/../../../../arm-none-eabi/lib/armv7e-m/fpu/fpv5-d16\libc.a(lib_a-svfprintf.o)
 *fill*         0x9000c2e2        0x2 
 .rodata.blanks.7257
                0x9000c2e4       0x10 i:/mcu/gnu_tools_arm/bin/../lib/gcc/arm-none-eabi/5.4.1/../../../../arm-none-eabi/lib/armv7e-m/fpu/fpv5-d16\libc.a(lib_a-svfprintf.o)
 .rodata.str1.4
                0x9000c2f4       0x10 i:/mcu/gnu_tools_arm/bin/../lib/gcc/arm-none-eabi/5.4.1/../../../../arm-none-eabi/lib/armv7e-m/fpu/fpv5-d16\libc.a(lib_a-dtoa.o)
                                 0x12 (size before relaxing)
 *fill*         0x9000c304        0x4 
 .rodata.__mprec_tens
                0x9000c308       0xc8 i:/mcu/gnu_tools_arm/bin/../lib/gcc/arm-none-eabi/5.4.1/../../../../arm-none-eabi/lib/armv7e-m/fpu/fpv5-d16\libc.a(lib_a-mprec.o)
                0x9000c308                __mprec_tens
 .rodata.__mprec_bigtens
                0x9000c3d0       0x28 i:/mcu/gnu_tools_arm/bin/../lib/gcc/arm-none-eabi/5.4.1/../../../../arm-none-eabi/lib/armv7e-m/fpu/fpv5-d16\libc.a(lib_a-mprec.o)
                0x9000c3d0                __mprec_bigtens
 .rodata.p05.6087
                0x9000c3f8        0xc i:/mcu/gnu_tools_arm/bin/../lib/gcc/arm-none-eabi/5.4.1/../../../../arm-none-eabi/lib/armv7e-m/fpu/fpv5-d16\libc.a(lib_a-mprec.o)
 .rodata.str1.4
                0x9000c404       0x10 i:/mcu/gnu_tools_arm/bin/../lib/gcc/arm-none-eabi/5.4.1/../../../../arm-none-eabi/lib/armv7e-m/fpu/fpv5-d16\libc.a(lib_a-locale.o)
                                 0x12 (size before relaxing)
 .rodata._ctype_
                0x9000c414      0x101 i:/mcu/gnu_tools_arm/bin/../lib/gcc/arm-none-eabi/5.4.1/../../../../arm-none-eabi/lib/armv7e-m/fpu/fpv5-d16\libc.a(lib_a-ctype_.o)
                0x9000c414                _ctype_
                0x9000c518                . = ALIGN (0x4)
 *fill*         0x9000c515        0x3 

.ARM.extab      0x9000c518       0x3c
 *(.ARM.extab* .gnu.linkonce.armextab.*)
 .ARM.extab.text._ZN11User_Uart_T15m_start_receiveEv
                0x9000c518        0xc build/bsp_uart.o
 .ARM.extab.text._ZN11User_Uart_T11send_stringEPKc
                0x9000c524        0xc build/bsp_uart.o
 .ARM.extab.text._ZN11User_Uart_T6printfEPKcz
                0x9000c530        0xc build/bsp_uart.o
 .ARM.extab     0x9000c53c       0x18 i:/mcu/gnu_tools_arm/bin/../lib/gcc/arm-none-eabi/5.4.1/armv7e-m/fpu/fpv5-d16\libgcc.a(pr-support.o)

.ARM            0x9000c554      0x120
                0x9000c554                __exidx_start = .
 *(.ARM.exidx*)
 .ARM.exidx.text._Z41__static_initialization_and_destruction_0ii
                0x9000c60c        0x0 build/app.o
                                  0x8 (size before relaxing)
 .ARM.exidx.text.Error_Handler
                0x9000c60c        0x0 build/app.o
                                  0x8 (size before relaxing)
 .ARM.exidx.text._ZL21my_SystemClock_Configv
                0x9000c60c        0x8 build/app.o
 .ARM.exidx.text.main
                0x9000c614        0x8 build/app.o
 .ARM.exidx.text._GLOBAL__sub_I_Yuki
                0x9000c61c        0x8 build/app.o
 .ARM.exidx.text._Z7My_TaskPv
                0x9000c624        0x8 build/app_task.o
 .ARM.exidx.text._Z10Start_TaskPv
                0x9000c62c        0x8 build/app_task.o
 .ARM.exidx.text._ZN11User_Uart_T15m_start_receiveEv
                0x9000c634        0x8 build/bsp_uart.o
 .ARM.exidx.text._ZN11User_Uart_TC2Ev
                0x9000c63c        0x8 build/bsp_uart.o
 .ARM.exidx.text._ZN11User_Uart_TD2Ev
                0x9000c644        0x0 build/bsp_uart.o
                                  0x8 (size before relaxing)
 .ARM.exidx.text._ZN11User_Uart_T4initEv
                0x9000c644        0x8 build/bsp_uart.o
 .ARM.exidx.text._ZN11User_Uart_T11send_stringEPKc
                0x9000c64c        0x8 build/bsp_uart.o
 .ARM.exidx.text._ZN11User_Uart_T12m_send_NcharEPhm
                0x9000c654        0x8 build/bsp_uart.o
 .ARM.exidx.text._ZN11User_Uart_T11send_stringEPh
                0x9000c65c        0x8 build/bsp_uart.o
 .ARM.exidx.text._ZN11User_Uart_T6printfEPKcz
                0x9000c664       0x10 build/bsp_uart.o
                                  0x8 (size before relaxing)
 .ARM.exidx     0x9000c554        0x8 i:/mcu/gnu_tools_arm/bin/../lib/gcc/arm-none-eabi/5.4.1/armv7e-m/fpu/fpv5-d16\libgcc.a(_udivmoddi4.o)
 .ARM.exidx     0x9000c55c       0x78 i:/mcu/gnu_tools_arm/bin/../lib/gcc/arm-none-eabi/5.4.1/armv7e-m/fpu/fpv5-d16\libgcc.a(unwind-arm.o)
                                 0xd8 (size before relaxing)
 .ARM.exidx     0x9000c5d4       0x38 i:/mcu/gnu_tools_arm/bin/../lib/gcc/arm-none-eabi/5.4.1/armv7e-m/fpu/fpv5-d16\libgcc.a(pr-support.o)
                                 0x48 (size before relaxing)
                0x9000c674                __exidx_end = .

.rel.dyn        0x9000c674        0x0
 .rel.iplt      0x9000c674        0x0 i:/mcu/gnu_tools_arm/bin/../lib/gcc/arm-none-eabi/5.4.1/armv7e-m/fpu/fpv5-d16/crtbegin.o

.preinit_array  0x9000c674        0x0
                0x9000c674                PROVIDE (__preinit_array_start, .)
 *(.preinit_array*)
                0x9000c674                PROVIDE (__preinit_array_end, .)

.init_array     0x9000c674        0xc
                0x9000c674                PROVIDE (__init_array_start, .)
 *(SORT(.init_array.*))
 .init_array.00000
                0x9000c674        0x4 i:/mcu/gnu_tools_arm/bin/../lib/gcc/arm-none-eabi/5.4.1/../../../../arm-none-eabi/lib/armv7e-m/fpu/fpv5-d16\libc.a(lib_a-__call_atexit.o)
 *(.init_array*)
 .init_array    0x9000c678        0x4 i:/mcu/gnu_tools_arm/bin/../lib/gcc/arm-none-eabi/5.4.1/armv7e-m/fpu/fpv5-d16/crtbegin.o
 .init_array    0x9000c67c        0x4 build/app.o
                0x9000c680                PROVIDE (__init_array_end, .)

.fini_array     0x9000c680        0x4
                0x9000c680                PROVIDE (__fini_array_start, .)
 *(SORT(.fini_array.*))
 *(.fini_array*)
 .fini_array    0x9000c680        0x4 i:/mcu/gnu_tools_arm/bin/../lib/gcc/arm-none-eabi/5.4.1/armv7e-m/fpu/fpv5-d16/crtbegin.o
                0x9000c684                PROVIDE (__fini_array_end, .)
                0x9000c684                _sidata = LOADADDR (.data)

.data           0x24000000      0x9c0 load address 0x9000c684
                0x24000000                . = ALIGN (0x4)
                0x24000000                _sdata = .
 *(.data)
 .data          0x24000000        0x4 i:/mcu/gnu_tools_arm/bin/../lib/gcc/arm-none-eabi/5.4.1/armv7e-m/fpu/fpv5-d16/crtbegin.o
                0x24000000                __dso_handle
 *(.data*)
 .data.uwTickPrio
                0x24000004        0x4 build/stm32h7xx_hal.o
                0x24000004                uwTickPrio
 .data.uwTickFreq
                0x24000008        0x1 build/stm32h7xx_hal.o
                0x24000008                uwTickFreq
 *fill*         0x24000009        0x3 
 .data.SystemD2Clock
                0x2400000c        0x4 build/system_stm32h7xx.o
                0x2400000c                SystemD2Clock
 .data.SystemCoreClock
                0x24000010        0x4 build/system_stm32h7xx.o
                0x24000010                SystemCoreClock
 *fill*         0x24000014        0x4 
 .data.impure_data
                0x24000018      0x428 i:/mcu/gnu_tools_arm/bin/../lib/gcc/arm-none-eabi/5.4.1/../../../../arm-none-eabi/lib/armv7e-m/fpu/fpv5-d16\libc.a(lib_a-impure.o)
 .data._impure_ptr
                0x24000440        0x4 i:/mcu/gnu_tools_arm/bin/../lib/gcc/arm-none-eabi/5.4.1/../../../../arm-none-eabi/lib/armv7e-m/fpu/fpv5-d16\libc.a(lib_a-impure.o)
                0x24000440                _impure_ptr
 .data.__malloc_av_
                0x24000444      0x408 i:/mcu/gnu_tools_arm/bin/../lib/gcc/arm-none-eabi/5.4.1/../../../../arm-none-eabi/lib/armv7e-m/fpu/fpv5-d16\libc.a(lib_a-mallocr.o)
                0x24000444                __malloc_av_
 .data.__malloc_trim_threshold
                0x2400084c        0x4 i:/mcu/gnu_tools_arm/bin/../lib/gcc/arm-none-eabi/5.4.1/../../../../arm-none-eabi/lib/armv7e-m/fpu/fpv5-d16\libc.a(lib_a-mallocr.o)
                0x2400084c                __malloc_trim_threshold
 .data.__malloc_sbrk_base
                0x24000850        0x4 i:/mcu/gnu_tools_arm/bin/../lib/gcc/arm-none-eabi/5.4.1/../../../../arm-none-eabi/lib/armv7e-m/fpu/fpv5-d16\libc.a(lib_a-mallocr.o)
                0x24000850                __malloc_sbrk_base
 .data.__global_locale
                0x24000854      0x16c i:/mcu/gnu_tools_arm/bin/../lib/gcc/arm-none-eabi/5.4.1/../../../../arm-none-eabi/lib/armv7e-m/fpu/fpv5-d16\libc.a(lib_a-locale.o)
                0x24000854                __global_locale
                0x240009c0                . = ALIGN (0x4)
                0x240009c0                _edata = .

.jcr            0x240009c0        0x0 load address 0x9000d044
 .jcr           0x240009c0        0x0 i:/mcu/gnu_tools_arm/bin/../lib/gcc/arm-none-eabi/5.4.1/armv7e-m/fpu/fpv5-d16/crtbegin.o

.igot.plt       0x240009c0        0x0 load address 0x9000d044
 .igot.plt      0x240009c0        0x0 i:/mcu/gnu_tools_arm/bin/../lib/gcc/arm-none-eabi/5.4.1/armv7e-m/fpu/fpv5-d16/crtbegin.o
                0x240009c0                . = ALIGN (0x4)

.bss            0x240009c0     0x1b98 load address 0x9000d044
                0x240009c0                _sbss = .
                0x240009c0                __bss_start__ = _sbss
 *(.bss)
 .bss           0x240009c0       0x1c i:/mcu/gnu_tools_arm/bin/../lib/gcc/arm-none-eabi/5.4.1/armv7e-m/fpu/fpv5-d16/crtbegin.o
 *(.bss*)
 .bss.recv_num  0x240009dc        0x4 build/stm32h7xx_it.o
                0x240009dc                recv_num
 .bss.Yuki      0x240009e0       0x84 build/app.o
                0x240009e0                Yuki
 .bss.start_tcb
                0x24000a64       0xac build/app.o
                0x24000a64                start_tcb
 .bss.start_stk
                0x24000b10      0x200 build/app.o
                0x24000b10                start_stk
 .bss.my_task_stk
                0x24000d10      0x400 build/app_task.o
                0x24000d10                my_task_stk
 .bss.MyTaskTCB
                0x24001110       0xac build/app_task.o
                0x24001110                MyTaskTCB
 .bss._ZZN11User_Uart_T6printfEPKczE3tmp
                0x240011bc        0xc build/bsp_uart.o
 .bss.__malloc_max_total_mem
                0x240011c8        0x4 i:/mcu/gnu_tools_arm/bin/../lib/gcc/arm-none-eabi/5.4.1/../../../../arm-none-eabi/lib/armv7e-m/fpu/fpv5-d16\libc.a(lib_a-mallocr.o)
                0x240011c8                __malloc_max_total_mem
 .bss.__malloc_max_sbrked_mem
                0x240011cc        0x4 i:/mcu/gnu_tools_arm/bin/../lib/gcc/arm-none-eabi/5.4.1/../../../../arm-none-eabi/lib/armv7e-m/fpu/fpv5-d16\libc.a(lib_a-mallocr.o)
                0x240011cc                __malloc_max_sbrked_mem
 .bss.__malloc_top_pad
                0x240011d0        0x4 i:/mcu/gnu_tools_arm/bin/../lib/gcc/arm-none-eabi/5.4.1/../../../../arm-none-eabi/lib/armv7e-m/fpu/fpv5-d16\libc.a(lib_a-mallocr.o)
                0x240011d0                __malloc_top_pad
 .bss.__malloc_current_mallinfo
                0x240011d4       0x28 i:/mcu/gnu_tools_arm/bin/../lib/gcc/arm-none-eabi/5.4.1/../../../../arm-none-eabi/lib/armv7e-m/fpu/fpv5-d16\libc.a(lib_a-mallocr.o)
                0x240011d4                __malloc_current_mallinfo
 .bss.heap_end.4169
                0x240011fc        0x4 i:/mcu/gnu_tools_arm/bin/../lib/gcc/arm-none-eabi/5.4.1/../../../../arm-none-eabi/lib/armv7e-m/fpu/fpv5-d16\libnosys.a(sbrk.o)
 *(COMMON)
 COMMON         0x24001200        0x4 build/stm32h7xx_hal.o
                0x24001200                uwTick
 COMMON         0x24001204      0x17c build/usart.o
                0x24001204                hdma_uart4_rx
                0x2400127c                huart4
                0x24001308                hdma_uart4_tx
 COMMON         0x24001380        0x4 build/os_cpu_c.o
                0x24001380                OS_CPU_ExceptStkBase
 COMMON         0x24001384      0xc80 build/os_cfg_app.o
                0x24001384                OSCfg_StatTaskStk
                0x24001584                OSCfg_MsgPool
                0x24001704                OSCfg_TmrTaskStk
                0x24001904                OSCfg_ISRStk
                0x24001d04                OSCfg_TickTaskStk
                0x24001f04                OSCfg_IdleTaskStk
 COMMON         0x24002004        0x8 build/os_prio.o
                0x24002004                OSPrioTbl
 COMMON         0x2400200c      0x548 build/os_var.o
                0x2400200c                OSSchedLockNestingCtr
                0x24002010                OS_AppTaskReturnHookPtr
                0x24002014                OSStatTaskCtr
                0x24002018                OSTaskRegNextAvailID
                0x24002019                OSRunning
                0x2400201c                OSRdyList
                0x2400221c                OSInitialized
                0x2400221d                OSPrioHighRdy
                0x2400221e                OSStatTaskRdy
                0x24002220                OS_AppTaskCreateHookPtr
                0x24002224                OSPrioCur
                0x24002228                OSTickTaskTCB
                0x240022d4                OSTmrTickCtr
                0x240022d8                OSTCBCurPtr
                0x240022dc                OSStatTaskCPUUsageMax
                0x240022e0                OSTCBHighRdyPtr
                0x240022e4                OS_AppTaskDelHookPtr
                0x240022e8                OS_AppTimeTickHookPtr
                0x240022ec                OSStatTaskCPUUsage
                0x240022f0                OSTaskCtxSwCtr
                0x240022f4                OSIntNestingCtr
                0x240022f6                OSTaskQty
                0x240022f8                OSTmrTaskTCB
                0x240023a4                OSMsgPool
                0x240023ac                OSIdleTaskTCB
                0x24002458                OSSchedRoundRobinDfltTimeQuanta
                0x2400245c                OSTmrMutex
                0x24002474                OS_AppIdleTaskHookPtr
                0x24002478                OSStatTaskCtrMax
                0x2400247c                OSTickCtr
                0x24002480                OS_AppTaskSwHookPtr
                0x24002484                OSStatTaskCtrRun
                0x24002488                OS_AppStatTaskHookPtr
                0x2400248c                OSStatResetFlag
                0x24002490                OSStatTaskTCB
                0x2400253c                OSTmrListPtr
                0x24002540                OSTmrUpdateCnt
                0x24002544                OSSchedRoundRobinEn
                0x24002548                OSTickListDly
                0x2400254c                OSTmrUpdateCtr
                0x24002550                OSTickListTimeout
 COMMON         0x24002554        0x4 i:/mcu/gnu_tools_arm/bin/../lib/gcc/arm-none-eabi/5.4.1/../../../../arm-none-eabi/lib/armv7e-m/fpu/fpv5-d16\libc.a(lib_a-reent.o)
                0x24002554                errno
                0x24002558                . = ALIGN (0x4)
                0x24002558                _ebss = .
                0x24002558                __bss_end__ = _ebss

._user_heap_stack
                0x24002558      0x800 load address 0x9000d044
                0x24002558                . = ALIGN (0x8)
                0x24002558                PROVIDE (end, .)
                [!provide]                PROVIDE (_end, .)
                0x24002958                . = (. + _Min_Heap_Size)
 *fill*         0x24002558      0x400 
                0x24002d58                . = (. + _Min_Stack_Size)
 *fill*         0x24002958      0x400 
                0x24002d58                . = ALIGN (0x8)

/DISCARD/
 libc.a(*)
 libm.a(*)
 libgcc.a(*)

.ARM.attributes
                0x00000000       0x2e
 *(.ARM.attributes)
 .ARM.attributes
                0x00000000       0x20 i:/mcu/gnu_tools_arm/bin/../lib/gcc/arm-none-eabi/5.4.1/armv7e-m/fpu/fpv5-d16/crti.o
 .ARM.attributes
                0x00000020       0x32 i:/mcu/gnu_tools_arm/bin/../lib/gcc/arm-none-eabi/5.4.1/armv7e-m/fpu/fpv5-d16/crtbegin.o
 .ARM.attributes
                0x00000052       0x37 build/stm32h7xx_it.o
 .ARM.attributes
                0x00000089       0x37 build/stm32h7xx_hal_msp.o
 .ARM.attributes
                0x000000c0       0x37 build/stm32h7xx_hal_cortex.o
 .ARM.attributes
                0x000000f7       0x37 build/stm32h7xx_hal_rcc.o
 .ARM.attributes
                0x0000012e       0x37 build/stm32h7xx_hal_rcc_ex.o
 .ARM.attributes
                0x00000165       0x37 build/stm32h7xx_hal_gpio.o
 .ARM.attributes
                0x0000019c       0x37 build/stm32h7xx_hal_dma.o
 .ARM.attributes
                0x000001d3       0x37 build/stm32h7xx_hal_pwr_ex.o
 .ARM.attributes
                0x0000020a       0x37 build/stm32h7xx_hal.o
 .ARM.attributes
                0x00000241       0x37 build/system_stm32h7xx.o
 .ARM.attributes
                0x00000278       0x37 build/gpio.o
 .ARM.attributes
                0x000002af       0x37 build/dma.o
 .ARM.attributes
                0x000002e6       0x37 build/usart.o
 .ARM.attributes
                0x0000031d       0x37 build/stm32h7xx_hal_uart.o
 .ARM.attributes
                0x00000354       0x37 build/stm32h7xx_hal_uart_ex.o
 .ARM.attributes
                0x0000038b       0x37 build/os_cpu_c.o
 .ARM.attributes
                0x000003c2       0x37 build/os_cfg_app.o
 .ARM.attributes
                0x000003f9       0x37 build/os_core.o
 .ARM.attributes
                0x00000430       0x37 build/os_mem.o
 .ARM.attributes
                0x00000467       0x37 build/os_msg.o
 .ARM.attributes
                0x0000049e       0x37 build/os_mutex.o
 .ARM.attributes
                0x000004d5       0x37 build/os_prio.o
 .ARM.attributes
                0x0000050c       0x37 build/os_stat.o
 .ARM.attributes
                0x00000543       0x37 build/os_task.o
 .ARM.attributes
                0x0000057a       0x37 build/os_time.o
 .ARM.attributes
                0x000005b1       0x37 build/os_tick.o
 .ARM.attributes
                0x000005e8       0x37 build/os_tmr.o
 .ARM.attributes
                0x0000061f       0x37 build/os_var.o
 .ARM.attributes
                0x00000656       0x37 build/app.o
 .ARM.attributes
                0x0000068d       0x37 build/app_task.o
 .ARM.attributes
                0x000006c4       0x37 build/bsp_uart.o
 .ARM.attributes
                0x000006fb       0x21 build/startup_stm32h750xx.o
 .ARM.attributes
                0x0000071c       0x23 build/cpu_a.o
 .ARM.attributes
                0x0000073f       0x23 build/os_cpu_a.o
 .ARM.attributes
                0x00000762       0x32 i:/mcu/gnu_tools_arm/bin/../lib/gcc/arm-none-eabi/5.4.1/../../../../arm-none-eabi/lib/armv7e-m/fpu/fpv5-d16\libc.a(lib_a-aeabi_atexit.o)
 .ARM.attributes
                0x00000794       0x32 i:/mcu/gnu_tools_arm/bin/../lib/gcc/arm-none-eabi/5.4.1/../../../../arm-none-eabi/lib/armv7e-m/fpu/fpv5-d16\libc.a(lib_a-cxa_atexit.o)
 .ARM.attributes
                0x000007c6       0x32 i:/mcu/gnu_tools_arm/bin/../lib/gcc/arm-none-eabi/5.4.1/../../../../arm-none-eabi/lib/armv7e-m/fpu/fpv5-d16\libc.a(lib_a-impure.o)
 .ARM.attributes
                0x000007f8       0x32 i:/mcu/gnu_tools_arm/bin/../lib/gcc/arm-none-eabi/5.4.1/../../../../arm-none-eabi/lib/armv7e-m/fpu/fpv5-d16\libc.a(lib_a-init.o)
 .ARM.attributes
                0x0000082a       0x32 i:/mcu/gnu_tools_arm/bin/../lib/gcc/arm-none-eabi/5.4.1/../../../../arm-none-eabi/lib/armv7e-m/fpu/fpv5-d16\libc.a(lib_a-memset.o)
 .ARM.attributes
                0x0000085c       0x32 i:/mcu/gnu_tools_arm/bin/../lib/gcc/arm-none-eabi/5.4.1/../../../../arm-none-eabi/lib/armv7e-m/fpu/fpv5-d16\libc.a(lib_a-sprintf.o)
 .ARM.attributes
                0x0000088e       0x32 i:/mcu/gnu_tools_arm/bin/../lib/gcc/arm-none-eabi/5.4.1/../../../../arm-none-eabi/lib/armv7e-m/fpu/fpv5-d16\libc.a(lib_a-svfprintf.o)
 .ARM.attributes
                0x000008c0       0x32 i:/mcu/gnu_tools_arm/bin/../lib/gcc/arm-none-eabi/5.4.1/../../../../arm-none-eabi/lib/armv7e-m/fpu/fpv5-d16\libc.a(lib_a-__atexit.o)
 .ARM.attributes
                0x000008f2       0x32 i:/mcu/gnu_tools_arm/bin/../lib/gcc/arm-none-eabi/5.4.1/../../../../arm-none-eabi/lib/armv7e-m/fpu/fpv5-d16\libc.a(lib_a-__call_atexit.o)
 .ARM.attributes
                0x00000924       0x32 i:/mcu/gnu_tools_arm/bin/../lib/gcc/arm-none-eabi/5.4.1/../../../../arm-none-eabi/lib/armv7e-m/fpu/fpv5-d16\libc.a(lib_a-atexit.o)
 .ARM.attributes
                0x00000956       0x32 i:/mcu/gnu_tools_arm/bin/../lib/gcc/arm-none-eabi/5.4.1/../../../../arm-none-eabi/lib/armv7e-m/fpu/fpv5-d16\libc.a(lib_a-dtoa.o)
 .ARM.attributes
                0x00000988       0x32 i:/mcu/gnu_tools_arm/bin/../lib/gcc/arm-none-eabi/5.4.1/../../../../arm-none-eabi/lib/armv7e-m/fpu/fpv5-d16\libc.a(lib_a-fini.o)
 .ARM.attributes
                0x000009ba       0x32 i:/mcu/gnu_tools_arm/bin/../lib/gcc/arm-none-eabi/5.4.1/../../../../arm-none-eabi/lib/armv7e-m/fpu/fpv5-d16\libc.a(lib_a-localeconv.o)
 .ARM.attributes
                0x000009ec       0x32 i:/mcu/gnu_tools_arm/bin/../lib/gcc/arm-none-eabi/5.4.1/../../../../arm-none-eabi/lib/armv7e-m/fpu/fpv5-d16\libc.a(lib_a-mallocr.o)
 .ARM.attributes
                0x00000a1e       0x1e i:/mcu/gnu_tools_arm/bin/../lib/gcc/arm-none-eabi/5.4.1/../../../../arm-none-eabi/lib/armv7e-m/fpu/fpv5-d16\libc.a(lib_a-memchr.o)
 .ARM.attributes
                0x00000a3c       0x1e i:/mcu/gnu_tools_arm/bin/../lib/gcc/arm-none-eabi/5.4.1/../../../../arm-none-eabi/lib/armv7e-m/fpu/fpv5-d16\libc.a(lib_a-memcpy.o)
 .ARM.attributes
                0x00000a5a       0x32 i:/mcu/gnu_tools_arm/bin/../lib/gcc/arm-none-eabi/5.4.1/../../../../arm-none-eabi/lib/armv7e-m/fpu/fpv5-d16\libc.a(lib_a-mlock.o)
 .ARM.attributes
                0x00000a8c       0x32 i:/mcu/gnu_tools_arm/bin/../lib/gcc/arm-none-eabi/5.4.1/../../../../arm-none-eabi/lib/armv7e-m/fpu/fpv5-d16\libc.a(lib_a-mprec.o)
 .ARM.attributes
                0x00000abe       0x32 i:/mcu/gnu_tools_arm/bin/../lib/gcc/arm-none-eabi/5.4.1/../../../../arm-none-eabi/lib/armv7e-m/fpu/fpv5-d16\libc.a(lib_a-sbrkr.o)
 .ARM.attributes
                0x00000af0       0x1e i:/mcu/gnu_tools_arm/bin/../lib/gcc/arm-none-eabi/5.4.1/../../../../arm-none-eabi/lib/armv7e-m/fpu/fpv5-d16\libc.a(lib_a-strlen.o)
 .ARM.attributes
                0x00000b0e       0x32 i:/mcu/gnu_tools_arm/bin/../lib/gcc/arm-none-eabi/5.4.1/../../../../arm-none-eabi/lib/armv7e-m/fpu/fpv5-d16\libc.a(lib_a-svfiprintf.o)
 .ARM.attributes
                0x00000b40       0x32 i:/mcu/gnu_tools_arm/bin/../lib/gcc/arm-none-eabi/5.4.1/../../../../arm-none-eabi/lib/armv7e-m/fpu/fpv5-d16\libc.a(lib_a-callocr.o)
 .ARM.attributes
                0x00000b72       0x32 i:/mcu/gnu_tools_arm/bin/../lib/gcc/arm-none-eabi/5.4.1/../../../../arm-none-eabi/lib/armv7e-m/fpu/fpv5-d16\libc.a(lib_a-freer.o)
 .ARM.attributes
                0x00000ba4       0x32 i:/mcu/gnu_tools_arm/bin/../lib/gcc/arm-none-eabi/5.4.1/../../../../arm-none-eabi/lib/armv7e-m/fpu/fpv5-d16\libc.a(lib_a-locale.o)
 .ARM.attributes
                0x00000bd6       0x32 i:/mcu/gnu_tools_arm/bin/../lib/gcc/arm-none-eabi/5.4.1/../../../../arm-none-eabi/lib/armv7e-m/fpu/fpv5-d16\libc.a(lib_a-mbtowc_r.o)
 .ARM.attributes
                0x00000c08       0x32 i:/mcu/gnu_tools_arm/bin/../lib/gcc/arm-none-eabi/5.4.1/../../../../arm-none-eabi/lib/armv7e-m/fpu/fpv5-d16\libc.a(lib_a-memmove.o)
 .ARM.attributes
                0x00000c3a       0x32 i:/mcu/gnu_tools_arm/bin/../lib/gcc/arm-none-eabi/5.4.1/../../../../arm-none-eabi/lib/armv7e-m/fpu/fpv5-d16\libc.a(lib_a-reallocr.o)
 .ARM.attributes
                0x00000c6c       0x32 i:/mcu/gnu_tools_arm/bin/../lib/gcc/arm-none-eabi/5.4.1/../../../../arm-none-eabi/lib/armv7e-m/fpu/fpv5-d16\libc.a(lib_a-reent.o)
 .ARM.attributes
                0x00000c9e       0x32 i:/mcu/gnu_tools_arm/bin/../lib/gcc/arm-none-eabi/5.4.1/../../../../arm-none-eabi/lib/armv7e-m/fpu/fpv5-d16\libc.a(lib_a-wctomb_r.o)
 .ARM.attributes
                0x00000cd0       0x32 i:/mcu/gnu_tools_arm/bin/../lib/gcc/arm-none-eabi/5.4.1/../../../../arm-none-eabi/lib/armv7e-m/fpu/fpv5-d16\libc.a(lib_a-ctype_.o)
 .ARM.attributes
                0x00000d02       0x32 i:/mcu/gnu_tools_arm/bin/../lib/gcc/arm-none-eabi/5.4.1/../../../../arm-none-eabi/lib/armv7e-m/fpu/fpv5-d16\libnosys.a(sbrk.o)
 .ARM.attributes
                0x00000d34       0x20 i:/mcu/gnu_tools_arm/bin/../lib/gcc/arm-none-eabi/5.4.1/armv7e-m/fpu/fpv5-d16\libgcc.a(_aeabi_uldivmod.o)
 .ARM.attributes
                0x00000d54       0x32 i:/mcu/gnu_tools_arm/bin/../lib/gcc/arm-none-eabi/5.4.1/armv7e-m/fpu/fpv5-d16\libgcc.a(_udivmoddi4.o)
 .ARM.attributes
                0x00000d86       0x20 i:/mcu/gnu_tools_arm/bin/../lib/gcc/arm-none-eabi/5.4.1/armv7e-m/fpu/fpv5-d16\libgcc.a(_dvmd_tls.o)
 .ARM.attributes
                0x00000da6       0x20 i:/mcu/gnu_tools_arm/bin/../lib/gcc/arm-none-eabi/5.4.1/armv7e-m/fpu/fpv5-d16/crtn.o
OUTPUT(build/ucos_test.elf elf32-littlearm)

.debug_info     0x00000000    0x2102b
 .debug_info    0x00000000      0xa38 build/stm32h7xx_it.o
 .debug_info    0x00000a38      0x530 build/stm32h7xx_hal_msp.o
 .debug_info    0x00000f68     0x1361 build/stm32h7xx_hal_cortex.o
 .debug_info    0x000022c9     0x1286 build/stm32h7xx_hal_rcc.o
 .debug_info    0x0000354f     0x1a37 build/stm32h7xx_hal_rcc_ex.o
 .debug_info    0x00004f86      0xdfa build/stm32h7xx_hal_gpio.o
 .debug_info    0x00005d80      0xf55 build/stm32h7xx_hal_dma.o
 .debug_info    0x00006cd5     0x1221 build/stm32h7xx_hal_pwr_ex.o
 .debug_info    0x00007ef6     0x17f6 build/stm32h7xx_hal.o
 .debug_info    0x000096ec      0xdde build/system_stm32h7xx.o
 .debug_info    0x0000a4ca      0x706 build/gpio.o
 .debug_info    0x0000abd0      0x937 build/dma.o
 .debug_info    0x0000b507     0x17b7 build/usart.o
 .debug_info    0x0000ccbe     0x2479 build/stm32h7xx_hal_uart.o
 .debug_info    0x0000f137      0xd32 build/stm32h7xx_hal_uart_ex.o
 .debug_info    0x0000fe69      0xa82 build/os_cpu_c.o
 .debug_info    0x000108eb      0x436 build/os_cfg_app.o
 .debug_info    0x00010d21     0x19cb build/os_core.o
 .debug_info    0x000126ec      0x856 build/os_mem.o
 .debug_info    0x00012f42      0x89f build/os_msg.o
 .debug_info    0x000137e1     0x1443 build/os_mutex.o
 .debug_info    0x00014c24      0x1f3 build/os_prio.o
 .debug_info    0x00014e17      0xf01 build/os_stat.o
 .debug_info    0x00015d18     0x1f94 build/os_task.o
 .debug_info    0x00017cac     0x1073 build/os_time.o
 .debug_info    0x00018d1f      0xf7d build/os_tick.o
 .debug_info    0x00019c9c     0x13b3 build/os_tmr.o
 .debug_info    0x0001b04f      0xaea build/os_var.o
 .debug_info    0x0001bb39     0x23ef build/app.o
 .debug_info    0x0001df28     0x1872 build/app_task.o
 .debug_info    0x0001f79a     0x1764 build/bsp_uart.o
 .debug_info    0x00020efe       0x52 build/startup_stm32h750xx.o
 .debug_info    0x00020f50       0x68 build/cpu_a.o
 .debug_info    0x00020fb8       0x73 build/os_cpu_a.o

.debug_abbrev   0x00000000     0x3dd0
 .debug_abbrev  0x00000000      0x181 build/stm32h7xx_it.o
 .debug_abbrev  0x00000181       0xcd build/stm32h7xx_hal_msp.o
 .debug_abbrev  0x0000024e      0x322 build/stm32h7xx_hal_cortex.o
 .debug_abbrev  0x00000570      0x230 build/stm32h7xx_hal_rcc.o
 .debug_abbrev  0x000007a0      0x254 build/stm32h7xx_hal_rcc_ex.o
 .debug_abbrev  0x000009f4      0x233 build/stm32h7xx_hal_gpio.o
 .debug_abbrev  0x00000c27      0x2be build/stm32h7xx_hal_dma.o
 .debug_abbrev  0x00000ee5      0x276 build/stm32h7xx_hal_pwr_ex.o
 .debug_abbrev  0x0000115b      0x22e build/stm32h7xx_hal.o
 .debug_abbrev  0x00001389      0x110 build/system_stm32h7xx.o
 .debug_abbrev  0x00001499      0x155 build/gpio.o
 .debug_abbrev  0x000015ee      0x126 build/dma.o
 .debug_abbrev  0x00001714      0x1d8 build/usart.o
 .debug_abbrev  0x000018ec      0x28d build/stm32h7xx_hal_uart.o
 .debug_abbrev  0x00001b79      0x228 build/stm32h7xx_hal_uart_ex.o
 .debug_abbrev  0x00001da1      0x264 build/os_cpu_c.o
 .debug_abbrev  0x00002005       0xb6 build/os_cfg_app.o
 .debug_abbrev  0x000020bb      0x26d build/os_core.o
 .debug_abbrev  0x00002328      0x198 build/os_mem.o
 .debug_abbrev  0x000024c0      0x1a0 build/os_msg.o
 .debug_abbrev  0x00002660      0x24d build/os_mutex.o
 .debug_abbrev  0x000028ad       0xf4 build/os_prio.o
 .debug_abbrev  0x000029a1      0x1da build/os_stat.o
 .debug_abbrev  0x00002b7b      0x221 build/os_task.o
 .debug_abbrev  0x00002d9c      0x1bb build/os_time.o
 .debug_abbrev  0x00002f57      0x210 build/os_tick.o
 .debug_abbrev  0x00003167      0x25f build/os_tmr.o
 .debug_abbrev  0x000033c6       0xb7 build/os_var.o
 .debug_abbrev  0x0000347d      0x398 build/app.o
 .debug_abbrev  0x00003815      0x274 build/app_task.o
 .debug_abbrev  0x00003a89      0x30d build/bsp_uart.o
 .debug_abbrev  0x00003d96       0x12 build/startup_stm32h750xx.o
 .debug_abbrev  0x00003da8       0x14 build/cpu_a.o
 .debug_abbrev  0x00003dbc       0x14 build/os_cpu_a.o

.debug_loc      0x00000000     0xcba9
 .debug_loc     0x00000000       0x80 build/stm32h7xx_it.o
 .debug_loc     0x00000080       0x2c build/stm32h7xx_hal_msp.o
 .debug_loc     0x000000ac      0x57a build/stm32h7xx_hal_cortex.o
 .debug_loc     0x00000626      0x949 build/stm32h7xx_hal_rcc.o
 .debug_loc     0x00000f6f     0x147c build/stm32h7xx_hal_rcc_ex.o
 .debug_loc     0x000023eb      0x387 build/stm32h7xx_hal_gpio.o
 .debug_loc     0x00002772      0xf26 build/stm32h7xx_hal_dma.o
 .debug_loc     0x00003698      0x53a build/stm32h7xx_hal_pwr_ex.o
 .debug_loc     0x00003bd2      0x5f1 build/stm32h7xx_hal.o
 .debug_loc     0x000041c3      0x18d build/system_stm32h7xx.o
 .debug_loc     0x00004350       0x38 build/gpio.o
 .debug_loc     0x00004388       0x38 build/dma.o
 .debug_loc     0x000043c0       0xda build/usart.o
 .debug_loc     0x0000449a     0x20be build/stm32h7xx_hal_uart.o
 .debug_loc     0x00006558      0x634 build/stm32h7xx_hal_uart_ex.o
 .debug_loc     0x00006b8c      0x5f1 build/os_cpu_c.o
 .debug_loc     0x0000717d      0xc2b build/os_core.o
 .debug_loc     0x00007da8      0x4e4 build/os_mem.o
 .debug_loc     0x0000828c      0x32b build/os_msg.o
 .debug_loc     0x000085b7      0x96d build/os_mutex.o
 .debug_loc     0x00008f24      0x13d build/os_prio.o
 .debug_loc     0x00009061      0x2a7 build/os_stat.o
 .debug_loc     0x00009308     0x18c7 build/os_task.o
 .debug_loc     0x0000abcf      0x73c build/os_time.o
 .debug_loc     0x0000b30b      0x584 build/os_tick.o
 .debug_loc     0x0000b88f      0xc8d build/os_tmr.o
 .debug_loc     0x0000c51c      0x13c build/app.o
 .debug_loc     0x0000c658       0x9a build/app_task.o
 .debug_loc     0x0000c6f2      0x4b7 build/bsp_uart.o

.debug_aranges  0x00000000     0x1020
 .debug_aranges
                0x00000000       0x78 build/stm32h7xx_it.o
 .debug_aranges
                0x00000078       0x20 build/stm32h7xx_hal_msp.o
 .debug_aranges
                0x00000098       0xb0 build/stm32h7xx_hal_cortex.o
 .debug_aranges
                0x00000148       0x88 build/stm32h7xx_hal_rcc.o
 .debug_aranges
                0x000001d0       0xf8 build/stm32h7xx_hal_rcc_ex.o
 .debug_aranges
                0x000002c8       0x58 build/stm32h7xx_hal_gpio.o
 .debug_aranges
                0x00000320       0xa0 build/stm32h7xx_hal_dma.o
 .debug_aranges
                0x000003c0      0x158 build/stm32h7xx_hal_pwr_ex.o
 .debug_aranges
                0x00000518      0x1b8 build/stm32h7xx_hal.o
 .debug_aranges
                0x000006d0       0x28 build/system_stm32h7xx.o
 .debug_aranges
                0x000006f8       0x20 build/gpio.o
 .debug_aranges
                0x00000718       0x20 build/dma.o
 .debug_aranges
                0x00000738       0x30 build/usart.o
 .debug_aranges
                0x00000768      0x230 build/stm32h7xx_hal_uart.o
 .debug_aranges
                0x00000998       0x88 build/stm32h7xx_hal_uart_ex.o
 .debug_aranges
                0x00000a20       0x78 build/os_cpu_c.o
 .debug_aranges
                0x00000a98       0x20 build/os_cfg_app.o
 .debug_aranges
                0x00000ab8       0xf0 build/os_core.o
 .debug_aranges
                0x00000ba8       0x38 build/os_mem.o
 .debug_aranges
                0x00000be0       0x40 build/os_msg.o
 .debug_aranges
                0x00000c20       0x68 build/os_mutex.o
 .debug_aranges
                0x00000c88       0x38 build/os_prio.o
 .debug_aranges
                0x00000cc0       0x38 build/os_stat.o
 .debug_aranges
                0x00000cf8       0xc8 build/os_task.o
 .debug_aranges
                0x00000dc0       0x48 build/os_time.o
 .debug_aranges
                0x00000e08       0x50 build/os_tick.o
 .debug_aranges
                0x00000e58       0x80 build/os_tmr.o
 .debug_aranges
                0x00000ed8       0x18 build/os_var.o
 .debug_aranges
                0x00000ef0       0x40 build/app.o
 .debug_aranges
                0x00000f30       0x28 build/app_task.o
 .debug_aranges
                0x00000f58       0x60 build/bsp_uart.o
 .debug_aranges
                0x00000fb8       0x28 build/startup_stm32h750xx.o
 .debug_aranges
                0x00000fe0       0x20 build/cpu_a.o
 .debug_aranges
                0x00001000       0x20 build/os_cpu_a.o

.debug_ranges   0x00000000      0xe28
 .debug_ranges  0x00000000       0x68 build/stm32h7xx_it.o
 .debug_ranges  0x00000068       0x10 build/stm32h7xx_hal_msp.o
 .debug_ranges  0x00000078       0xa0 build/stm32h7xx_hal_cortex.o
 .debug_ranges  0x00000118       0xc0 build/stm32h7xx_hal_rcc.o
 .debug_ranges  0x000001d8       0xe8 build/stm32h7xx_hal_rcc_ex.o
 .debug_ranges  0x000002c0       0x48 build/stm32h7xx_hal_gpio.o
 .debug_ranges  0x00000308       0x90 build/stm32h7xx_hal_dma.o
 .debug_ranges  0x00000398      0x148 build/stm32h7xx_hal_pwr_ex.o
 .debug_ranges  0x000004e0      0x1a8 build/stm32h7xx_hal.o
 .debug_ranges  0x00000688       0x18 build/system_stm32h7xx.o
 .debug_ranges  0x000006a0       0x10 build/gpio.o
 .debug_ranges  0x000006b0       0x10 build/dma.o
 .debug_ranges  0x000006c0       0x20 build/usart.o
 .debug_ranges  0x000006e0      0x220 build/stm32h7xx_hal_uart.o
 .debug_ranges  0x00000900       0x78 build/stm32h7xx_hal_uart_ex.o
 .debug_ranges  0x00000978       0x68 build/os_cpu_c.o
 .debug_ranges  0x000009e0       0x10 build/os_cfg_app.o
 .debug_ranges  0x000009f0       0xe0 build/os_core.o
 .debug_ranges  0x00000ad0       0x28 build/os_mem.o
 .debug_ranges  0x00000af8       0x30 build/os_msg.o
 .debug_ranges  0x00000b28       0x58 build/os_mutex.o
 .debug_ranges  0x00000b80       0x28 build/os_prio.o
 .debug_ranges  0x00000ba8       0x28 build/os_stat.o
 .debug_ranges  0x00000bd0       0xb8 build/os_task.o
 .debug_ranges  0x00000c88       0x38 build/os_time.o
 .debug_ranges  0x00000cc0       0x40 build/os_tick.o
 .debug_ranges  0x00000d00       0x70 build/os_tmr.o
 .debug_ranges  0x00000d70       0x30 build/app.o
 .debug_ranges  0x00000da0       0x18 build/app_task.o
 .debug_ranges  0x00000db8       0x50 build/bsp_uart.o
 .debug_ranges  0x00000e08       0x20 build/startup_stm32h750xx.o

.debug_line     0x00000000     0x7862
 .debug_line    0x00000000      0x2c8 build/stm32h7xx_it.o
 .debug_line    0x000002c8      0x130 build/stm32h7xx_hal_msp.o
 .debug_line    0x000003f8      0x3a7 build/stm32h7xx_hal_cortex.o
 .debug_line    0x0000079f      0x61e build/stm32h7xx_hal_rcc.o
 .debug_line    0x00000dbd      0x79c build/stm32h7xx_hal_rcc_ex.o
 .debug_line    0x00001559      0x2f8 build/stm32h7xx_hal_gpio.o
 .debug_line    0x00001851     0x145f build/stm32h7xx_hal_dma.o
 .debug_line    0x00002cb0      0x572 build/stm32h7xx_hal_pwr_ex.o
 .debug_line    0x00003222      0x5a1 build/stm32h7xx_hal.o
 .debug_line    0x000037c3      0x1b9 build/system_stm32h7xx.o
 .debug_line    0x0000397c      0x165 build/gpio.o
 .debug_line    0x00003ae1      0x161 build/dma.o
 .debug_line    0x00003c42      0x2c4 build/usart.o
 .debug_line    0x00003f06      0xf6c build/stm32h7xx_hal_uart.o
 .debug_line    0x00004e72      0x44f build/stm32h7xx_hal_uart_ex.o
 .debug_line    0x000052c1      0x1e8 build/os_cpu_c.o
 .debug_line    0x000054a9       0x8c build/os_cfg_app.o
 .debug_line    0x00005535      0x44e build/os_core.o
 .debug_line    0x00005983      0x127 build/os_mem.o
 .debug_line    0x00005aaa      0x16a build/os_msg.o
 .debug_line    0x00005c14      0x262 build/os_mutex.o
 .debug_line    0x00005e76       0xef build/os_prio.o
 .debug_line    0x00005f65      0x148 build/os_stat.o
 .debug_line    0x000060ad      0x532 build/os_task.o
 .debug_line    0x000065df      0x187 build/os_time.o
 .debug_line    0x00006766      0x1e0 build/os_tick.o
 .debug_line    0x00006946      0x2d1 build/os_tmr.o
 .debug_line    0x00006c17       0x88 build/os_var.o
 .debug_line    0x00006c9f      0x329 build/app.o
 .debug_line    0x00006fc8      0x265 build/app_task.o